Archive member included to satisfy reference by file (symbol)

g:/stm32/stm32cubeide_1.7.0/stm32cubeide/plugins/com.st.stm32cube.ide.mcu.externaltools.gnu-tools-for-stm32.10.3-2021.10.win32_1.0.0.202111181127/tools/bin/../lib/gcc/arm-none-eabi/10.3.1/../../../../arm-none-eabi/lib/thumb/v7e-m+fp/hard\libc_nano.a(lib_a-errno.o)
                              ./Core/Src/syscalls.o (__errno)
g:/stm32/stm32cubeide_1.7.0/stm32cubeide/plugins/com.st.stm32cube.ide.mcu.externaltools.gnu-tools-for-stm32.10.3-2021.10.win32_1.0.0.202111181127/tools/bin/../lib/gcc/arm-none-eabi/10.3.1/../../../../arm-none-eabi/lib/thumb/v7e-m+fp/hard\libc_nano.a(lib_a-exit.o)
                              g:/stm32/stm32cubeide_1.7.0/stm32cubeide/plugins/com.st.stm32cube.ide.mcu.externaltools.gnu-tools-for-stm32.10.3-2021.10.win32_1.0.0.202111181127/tools/bin/../lib/gcc/arm-none-eabi/10.3.1/../../../../arm-none-eabi/lib/thumb/v7e-m+fp/hard/crt0.o (exit)
g:/stm32/stm32cubeide_1.7.0/stm32cubeide/plugins/com.st.stm32cube.ide.mcu.externaltools.gnu-tools-for-stm32.10.3-2021.10.win32_1.0.0.202111181127/tools/bin/../lib/gcc/arm-none-eabi/10.3.1/../../../../arm-none-eabi/lib/thumb/v7e-m+fp/hard\libc_nano.a(lib_a-impure.o)
                              g:/stm32/stm32cubeide_1.7.0/stm32cubeide/plugins/com.st.stm32cube.ide.mcu.externaltools.gnu-tools-for-stm32.10.3-2021.10.win32_1.0.0.202111181127/tools/bin/../lib/gcc/arm-none-eabi/10.3.1/../../../../arm-none-eabi/lib/thumb/v7e-m+fp/hard\libc_nano.a(lib_a-exit.o) (_global_impure_ptr)
g:/stm32/stm32cubeide_1.7.0/stm32cubeide/plugins/com.st.stm32cube.ide.mcu.externaltools.gnu-tools-for-stm32.10.3-2021.10.win32_1.0.0.202111181127/tools/bin/../lib/gcc/arm-none-eabi/10.3.1/../../../../arm-none-eabi/lib/thumb/v7e-m+fp/hard\libc_nano.a(lib_a-init.o)
                              g:/stm32/stm32cubeide_1.7.0/stm32cubeide/plugins/com.st.stm32cube.ide.mcu.externaltools.gnu-tools-for-stm32.10.3-2021.10.win32_1.0.0.202111181127/tools/bin/../lib/gcc/arm-none-eabi/10.3.1/../../../../arm-none-eabi/lib/thumb/v7e-m+fp/hard/crt0.o (__libc_init_array)
g:/stm32/stm32cubeide_1.7.0/stm32cubeide/plugins/com.st.stm32cube.ide.mcu.externaltools.gnu-tools-for-stm32.10.3-2021.10.win32_1.0.0.202111181127/tools/bin/../lib/gcc/arm-none-eabi/10.3.1/../../../../arm-none-eabi/lib/thumb/v7e-m+fp/hard\libc_nano.a(lib_a-memcpy-stub.o)
                              ./Middlewares/Third_Party/FreeRTOS/Source/CMSIS_RTOS_V2/cmsis_os2.o (memcpy)
g:/stm32/stm32cubeide_1.7.0/stm32cubeide/plugins/com.st.stm32cube.ide.mcu.externaltools.gnu-tools-for-stm32.10.3-2021.10.win32_1.0.0.202111181127/tools/bin/../lib/gcc/arm-none-eabi/10.3.1/../../../../arm-none-eabi/lib/thumb/v7e-m+fp/hard\libc_nano.a(lib_a-memset.o)
                              g:/stm32/stm32cubeide_1.7.0/stm32cubeide/plugins/com.st.stm32cube.ide.mcu.externaltools.gnu-tools-for-stm32.10.3-2021.10.win32_1.0.0.202111181127/tools/bin/../lib/gcc/arm-none-eabi/10.3.1/../../../../arm-none-eabi/lib/thumb/v7e-m+fp/hard/crt0.o (memset)
g:/stm32/stm32cubeide_1.7.0/stm32cubeide/plugins/com.st.stm32cube.ide.mcu.externaltools.gnu-tools-for-stm32.10.3-2021.10.win32_1.0.0.202111181127/tools/bin/../lib/gcc/arm-none-eabi/10.3.1/../../../../arm-none-eabi/lib/thumb/v7e-m+fp/hard\libm.a(lib_a-w_pow.o)
                              ./Core/Src/bmpxx80.o (pow)
g:/stm32/stm32cubeide_1.7.0/stm32cubeide/plugins/com.st.stm32cube.ide.mcu.externaltools.gnu-tools-for-stm32.10.3-2021.10.win32_1.0.0.202111181127/tools/bin/../lib/gcc/arm-none-eabi/10.3.1/../../../../arm-none-eabi/lib/thumb/v7e-m+fp/hard\libm.a(lib_a-e_pow.o)
                              g:/stm32/stm32cubeide_1.7.0/stm32cubeide/plugins/com.st.stm32cube.ide.mcu.externaltools.gnu-tools-for-stm32.10.3-2021.10.win32_1.0.0.202111181127/tools/bin/../lib/gcc/arm-none-eabi/10.3.1/../../../../arm-none-eabi/lib/thumb/v7e-m+fp/hard\libm.a(lib_a-w_pow.o) (__ieee754_pow)
g:/stm32/stm32cubeide_1.7.0/stm32cubeide/plugins/com.st.stm32cube.ide.mcu.externaltools.gnu-tools-for-stm32.10.3-2021.10.win32_1.0.0.202111181127/tools/bin/../lib/gcc/arm-none-eabi/10.3.1/../../../../arm-none-eabi/lib/thumb/v7e-m+fp/hard\libm.a(lib_a-e_sqrt.o)
                              g:/stm32/stm32cubeide_1.7.0/stm32cubeide/plugins/com.st.stm32cube.ide.mcu.externaltools.gnu-tools-for-stm32.10.3-2021.10.win32_1.0.0.202111181127/tools/bin/../lib/gcc/arm-none-eabi/10.3.1/../../../../arm-none-eabi/lib/thumb/v7e-m+fp/hard\libm.a(lib_a-e_pow.o) (__ieee754_sqrt)
g:/stm32/stm32cubeide_1.7.0/stm32cubeide/plugins/com.st.stm32cube.ide.mcu.externaltools.gnu-tools-for-stm32.10.3-2021.10.win32_1.0.0.202111181127/tools/bin/../lib/gcc/arm-none-eabi/10.3.1/../../../../arm-none-eabi/lib/thumb/v7e-m+fp/hard\libm.a(lib_a-math_err.o)
[...]
Memory Configuration

Name             Origin             Length             Attributes
RAM              0x0000000020000000 0x0000000000018000 xrw
RAM2             0x0000000010000000 0x0000000000008000 xrw
FLASH            0x0000000008000000 0x0000000000100000 xr
*default*        0x0000000000000000 0xffffffffffffffff

Linker script and memory map

LOAD g:/stm32/stm32cubeide_1.7.0/stm32cubeide/plugins/com.st.stm32cube.ide.mcu.externaltools.gnu-tools-for-stm32.10.3-2021.10.win32_1.0.0.202111181127/tools/bin/../lib/gcc/arm-none-eabi/10.3.1/thumb/v7e-m+fp/hard/crti.o
LOAD g:/stm32/stm32cubeide_1.7.0/stm32cubeide/plugins/com.st.stm32cube.ide.mcu.externaltools.gnu-tools-for-stm32.10.3-2021.10.win32_1.0.0.202111181127/tools/bin/../lib/gcc/arm-none-eabi/10.3.1/thumb/v7e-m+fp/hard/crtbegin.o
LOAD g:/stm32/stm32cubeide_1.7.0/stm32cubeide/plugins/com.st.stm32cube.ide.mcu.externaltools.gnu-tools-for-stm32.10.3-2021.10.win32_1.0.0.202111181127/tools/bin/../lib/gcc/arm-none-eabi/10.3.1/../../../../arm-none-eabi/lib/thumb/v7e-m+fp/hard/crt0.o
LOAD ./Core/Src/BH1750.o
LOAD ./Core/Src/DHT11.o
LOAD ./Core/Src/NRF24L0plus.o
LOAD ./Core/Src/bmpxx80.o
LOAD ./Core/Src/dwt_stm32_delay.o
LOAD ./Core/Src/freertos.o
LOAD ./Core/Src/gpio.o
LOAD ./Core/Src/i2c.o
LOAD ./Core/Src/iwdg.o
LOAD ./Core/Src/main.o
LOAD ./Core/Src/printf.o
LOAD ./Core/Src/spi.o
LOAD ./Core/Src/stm32l4xx_hal_msp.o
LOAD ./Core/Src/stm32l4xx_hal_timebase_tim.o
LOAD ./Core/Src/stm32l4xx_it.o
LOAD ./Core/Src/syscalls.o
LOAD ./Core/Src/sysmem.o
LOAD ./Core/Src/system_stm32l4xx.o
LOAD ./Core/Src/usart.o
LOAD ./Core/Startup/startup_stm32l476vgtx.o
LOAD ./Drivers/STM32L4xx_HAL_Driver/Src/stm32l4xx_hal.o
LOAD ./Drivers/STM32L4xx_HAL_Driver/Src/stm32l4xx_hal_cortex.o
LOAD ./Drivers/STM32L4xx_HAL_Driver/Src/stm32l4xx_hal_dma.o
LOAD ./Drivers/STM32L4xx_HAL_Driver/Src/stm32l4xx_hal_dma_ex.o
LOAD ./Drivers/STM32L4xx_HAL_Driver/Src/stm32l4xx_hal_exti.o
LOAD ./Drivers/STM32L4xx_HAL_Driver/Src/stm32l4xx_hal_flash.o
LOAD ./Drivers/STM32L4xx_HAL_Driver/Src/stm32l4xx_hal_flash_ex.o
LOAD ./Drivers/STM32L4xx_HAL_Driver/Src/stm32l4xx_hal_flash_ramfunc.o
LOAD ./Drivers/STM32L4xx_HAL_Driver/Src/stm32l4xx_hal_gpio.o
LOAD ./Drivers/STM32L4xx_HAL_Driver/Src/stm32l4xx_hal_i2c.o
LOAD ./Drivers/STM32L4xx_HAL_Driver/Src/stm32l4xx_hal_i2c_ex.o
LOAD ./Drivers/STM32L4xx_HAL_Driver/Src/stm32l4xx_hal_iwdg.o
LOAD ./Drivers/STM32L4xx_HAL_Driver/Src/stm32l4xx_hal_pwr.o
LOAD ./Drivers/STM32L4xx_HAL_Driver/Src/stm32l4xx_hal_pwr_ex.o
LOAD ./Drivers/STM32L4xx_HAL_Driver/Src/stm32l4xx_hal_rcc.o
LOAD ./Drivers/STM32L4xx_HAL_Driver/Src/stm32l4xx_hal_rcc_ex.o
LOAD ./Drivers/STM32L4xx_HAL_Driver/Src/stm32l4xx_hal_spi.o
LOAD ./Drivers/STM32L4xx_HAL_Driver/Src/stm32l4xx_hal_spi_ex.o
LOAD ./Drivers/STM32L4xx_HAL_Driver/Src/stm32l4xx_hal_tim.o
LOAD ./Drivers/STM32L4xx_HAL_Driver/Src/stm32l4xx_hal_tim_ex.o
LOAD ./Drivers/STM32L4xx_HAL_Driver/Src/stm32l4xx_hal_uart.o
LOAD ./Drivers/STM32L4xx_HAL_Driver/Src/stm32l4xx_hal_uart_ex.o
LOAD ./Middlewares/Third_Party/FreeRTOS/Source/CMSIS_RTOS_V2/cmsis_os2.o
LOAD ./Middlewares/Third_Party/FreeRTOS/Source/croutine.o
LOAD ./Middlewares/Third_Party/FreeRTOS/Source/event_groups.o
LOAD ./Middlewares/Third_Party/FreeRTOS/Source/list.o
LOAD ./Middlewares/Third_Party/FreeRTOS/Source/queue.o
LOAD ./Middlewares/Third_Party/FreeRTOS/Source/stream_buffer.o
LOAD ./Middlewares/Third_Party/FreeRTOS/Source/tasks.o
LOAD ./Middlewares/Third_Party/FreeRTOS/Source/timers.o
LOAD ./Middlewares/Third_Party/FreeRTOS/Source/portable/GCC/ARM_CM4F/port.o
LOAD ./Middlewares/Third_Party/FreeRTOS/Source/portable/MemMang/heap_4.o
START GROUP
LOAD g:/stm32/stm32cubeide_1.7.0/stm32cubeide/plugins/com.st.stm32cube.ide.mcu.externaltools.gnu-tools-for-stm32.10.3-2021.10.win32_1.0.0.202111181127/tools/bin/../lib/gcc/arm-none-eabi/10.3.1/../../../../arm-none-eabi/lib/thumb/v7e-m+fp/hard\libc_nano.a
LOAD g:/stm32/stm32cubeide_1.7.0/stm32cubeide/plugins/com.st.stm32cube.ide.mcu.externaltools.gnu-tools-for-stm32.10.3-2021.10.win32_1.0.0.202111181127/tools/bin/../lib/gcc/arm-none-eabi/10.3.1/../../../../arm-none-eabi/lib/thumb/v7e-m+fp/hard\libm.a
END GROUP
START GROUP
LOAD g:/stm32/stm32cubeide_1.7.0/stm32cubeide/plugins/com.st.stm32cube.ide.mcu.externaltools.gnu-tools-for-stm32.10.3-2021.10.win32_1.0.0.202111181127/tools/bin/../lib/gcc/arm-none-eabi/10.3.1/thumb/v7e-m+fp/hard\libgcc.a
LOAD g:/stm32/stm32cubeide_1.7.0/stm32cubeide/plugins/com.st.stm32cube.ide.mcu.externaltools.gnu-tools-for-stm32.10.3-2021.10.win32_1.0.0.202111181127/tools/bin/../lib/gcc/arm-none-eabi/10.3.1/../../../../arm-none-eabi/lib/thumb/v7e-m+fp/hard\libc_nano.a
END GROUP
START GROUP
LOAD g:/stm32/stm32cubeide_1.7.0/stm32cubeide/plugins/com.st.stm32cube.ide.mcu.externaltools.gnu-tools-for-stm32.10.3-2021.10.win32_1.0.0.202111181127/tools/bin/../lib/gcc/arm-none-eabi/10.3.1/thumb/v7e-m+fp/hard\libgcc.a
LOAD g:/stm32/stm32cubeide_1.7.0/stm32cubeide/plugins/com.st.stm32cube.ide.mcu.externaltools.gnu-tools-for-stm32.10.3-2021.10.win32_1.0.0.202111181127/tools/bin/../lib/gcc/arm-none-eabi/10.3.1/../../../../arm-none-eabi/lib/thumb/v7e-m+fp/hard\libc_nano.a
LOAD g:/stm32/stm32cubeide_1.7.0/stm32cubeide/plugins/com.st.stm32cube.ide.mcu.externaltools.gnu-tools-for-stm32.10.3-2021.10.win32_1.0.0.202111181127/tools/bin/../lib/gcc/arm-none-eabi/10.3.1/../../../../arm-none-eabi/lib/thumb/v7e-m+fp/hard\libnosys.a
END GROUP
START GROUP
LOAD g:/stm32/stm32cubeide_1.7.0/stm32cubeide/plugins/com.st.stm32cube.ide.mcu.externaltools.gnu-tools-for-stm32.10.3-2021.10.win32_1.0.0.202111181127/tools/bin/../lib/gcc/arm-none-eabi/10.3.1/thumb/v7e-m+fp/hard\libgcc.a
LOAD g:/stm32/stm32cubeide_1.7.0/stm32cubeide/plugins/com.st.stm32cube.ide.mcu.externaltools.gnu-tools-for-stm32.10.3-2021.10.win32_1.0.0.202111181127/tools/bin/../lib/gcc/arm-none-eabi/10.3.1/../../../../arm-none-eabi/lib/thumb/v7e-m+fp/hard\libc_nano.a
LOAD g:/stm32/stm32cubeide_1.7.0/stm32cubeide/plugins/com.st.stm32cube.ide.mcu.externaltools.gnu-tools-for-stm32.10.3-2021.10.win32_1.0.0.202111181127/tools/bin/../lib/gcc/arm-none-eabi/10.3.1/../../../../arm-none-eabi/lib/thumb/v7e-m+fp/hard\libnosys.a
END GROUP
LOAD g:/stm32/stm32cubeide_1.7.0/stm32cubeide/plugins/com.st.stm32cube.ide.mcu.externaltools.gnu-tools-for-stm32.10.3-2021.10.win32_1.0.0.202111181127/tools/bin/../lib/gcc/arm-none-eabi/10.3.1/thumb/v7e-m+fp/hard/crtend.o
LOAD g:/stm32/stm32cubeide_1.7.0/stm32cubeide/plugins/com.st.stm32cube.ide.mcu.externaltools.gnu-tools-for-stm32.10.3-2021.10.win32_1.0.0.202111181127/tools/bin/../lib/gcc/arm-none-eabi/10.3.1/thumb/v7e-m+fp/hard/crtn.o
                0x0000000020018000                _estack = (ORIGIN (RAM) + LENGTH (RAM))
                0x0000000000000200                _Min_Heap_Size = 0x200
                0x0000000000000400                _Min_Stack_Size = 0x400

.isr_vector     0x0000000008000000      0x188
                0x0000000008000000                . = ALIGN (0x4)
 *(.isr_vector)
 .isr_vector    0x0000000008000000      0x188 ./Core/Startup/startup_stm32l476vgtx.o
                0x0000000008000000                g_pfnVectors
                0x0000000008000188                . = ALIGN (0x4)

.text           0x0000000008000190     0xc6b0
                0x0000000008000190                . = ALIGN (0x4)
 *(.text)
 .text          0x0000000008000190       0x40 g:/stm32/stm32cubeide_1.7.0/stm32cubeide/plugins/com.st.stm32cube.ide.mcu.externaltools.gnu-tools-for-stm32.10.3-2021.10.win32_1.0.0.202111181127/tools/bin/../lib/gcc/arm-none-eabi/10.3.1/thumb/v7e-m+fp/hard/crtbegin.o
 .text          0x00000000080001d0      0x378 g:/stm32/stm32cubeide_1.7.0/stm32cubeide/plugins/com.st.stm32cube.ide.mcu.externaltools.gnu-tools-for-stm32.10.3-2021.10.win32_1.0.0.202111181127/tools/bin/../lib/gcc/arm-none-eabi/10.3.1/thumb/v7e-m+fp/hard\libgcc.a(_arm_addsubdf3.o)
                0x00000000080001d0                __aeabi_drsub
                0x00000000080001d8                __aeabi_dsub
                0x00000000080001d8                __subdf3
                0x00000000080001dc                __aeabi_dadd
                0x00000000080001dc                __adddf3
                0x0000000008000454                __floatunsidf
                0x0000000008000454                __aeabi_ui2d
                0x0000000008000474                __floatsidf
                0x0000000008000474                __aeabi_i2d
                0x0000000008000498                __aeabi_f2d
                0x0000000008000498                __extendsfdf2
                0x00000000080004dc                __floatundidf
                0x00000000080004dc                __aeabi_ul2d
                0x00000000080004ec                __floatdidf
                0x00000000080004ec                __aeabi_l2d
 .text          0x0000000008000548      0x424 g:/stm32/stm32cubeide_1.7.0/stm32cubeide/plugins/com.st.stm32cube.ide.mcu.externaltools.gnu-tools-for-stm32.10.3-2021.10.win32_1.0.0.202111181127/tools/bin/../lib/gcc/arm-none-eabi/10.3.1/thumb/v7e-m+fp/hard\libgcc.a(_arm_muldivdf3.o)
                0x0000000008000548                __aeabi_dmul
                0x0000000008000548                __muldf3
                0x000000000800079c                __divdf3
                0x000000000800079c                __aeabi_ddiv
 .text          0x000000000800096c      0x110 g:/stm32/stm32cubeide_1.7.0/stm32cubeide/plugins/com.st.stm32cube.ide.mcu.externaltools.gnu-tools-for-stm32.10.3-2021.10.win32_1.0.0.202111181127/tools/bin/../lib/gcc/arm-none-eabi/10.3.1/thumb/v7e-m+fp/hard\libgcc.a(_arm_cmpdf2.o)
                0x000000000800096c                __gtdf2
                0x000000000800096c                __gedf2
                0x0000000008000974                __ltdf2
                0x0000000008000974                __ledf2
                0x000000000800097c                __nedf2
                0x000000000800097c                __eqdf2
                0x000000000800097c                __cmpdf2
                0x00000000080009f8                __aeabi_cdrcmple
                0x0000000008000a08                __aeabi_cdcmpeq
                0x0000000008000a08                __aeabi_cdcmple
                0x0000000008000a18                __aeabi_dcmpeq
                0x0000000008000a2c                __aeabi_dcmplt
                0x0000000008000a40                __aeabi_dcmple
                0x0000000008000a54                __aeabi_dcmpge
                0x0000000008000a68                __aeabi_dcmpgt
 .text          0x0000000008000a7c       0x50 g:/stm32/stm32cubeide_1.7.0/stm32cubeide/plugins/com.st.stm32cube.ide.mcu.externaltools.gnu-tools-for-stm32.10.3-2021.10.win32_1.0.0.202111181127/tools/bin/../lib/gcc/arm-none-eabi/10.3.1/thumb/v7e-m+fp/hard\libgcc.a(_arm_fixdfsi.o)
                0x0000000008000a7c                __aeabi_d2iz
                0x0000000008000a7c                __fixdfsi
 .text          0x0000000008000acc       0x40 g:/stm32/stm32cubeide_1.7.0/stm32cubeide/plugins/com.st.stm32cube.ide.mcu.externaltools.gnu-tools-for-stm32.10.3-2021.10.win32_1.0.0.202111181127/tools/bin/../lib/gcc/arm-none-eabi/10.3.1/thumb/v7e-m+fp/hard\libgcc.a(_arm_fixunsdfsi.o)
                0x0000000008000acc                __aeabi_d2uiz
                0x0000000008000acc                __fixunsdfsi
 .text          0x0000000008000b0c       0xa0 g:/stm32/stm32cubeide_1.7.0/stm32cubeide/plugins/com.st.stm32cube.ide.mcu.externaltools.gnu-tools-for-stm32.10.3-2021.10.win32_1.0.0.202111181127/tools/bin/../lib/gcc/arm-none-eabi/10.3.1/thumb/v7e-m+fp/hard\libgcc.a(_aeabi_ldivmod.o)
                0x0000000008000b0c                __aeabi_ldivmod
 .text          0x0000000008000bac       0x30 g:/stm32/stm32cubeide_1.7.0/stm32cubeide/plugins/com.st.stm32cube.ide.mcu.externaltools.gnu-tools-for-stm32.10.3-2021.10.win32_1.0.0.202111181127/tools/bin/../lib/gcc/arm-none-eabi/10.3.1/thumb/v7e-m+fp/hard\libgcc.a(_aeabi_uldivmod.o)
                0x0000000008000bac                __aeabi_uldivmod
 .text          0x0000000008000bdc      0x2d0 g:/stm32/stm32cubeide_1.7.0/stm32cubeide/plugins/com.st.stm32cube.ide.mcu.externaltools.gnu-tools-for-stm32.10.3-2021.10.win32_1.0.0.202111181127/tools/bin/../lib/gcc/arm-none-eabi/10.3.1/thumb/v7e-m+fp/hard\libgcc.a(_udivmoddi4.o)
                0x0000000008000bdc                __udivmoddi4
 .text          0x0000000008000eac        0x4 g:/stm32/stm32cubeide_1.7.0/stm32cubeide/plugins/com.st.stm32cube.ide.mcu.externaltools.gnu-tools-for-stm32.10.3-2021.10.win32_1.0.0.202111181127/tools/bin/../lib/gcc/arm-none-eabi/10.3.1/thumb/v7e-m+fp/hard\libgcc.a(_dvmd_tls.o)
                0x0000000008000eac                __aeabi_idiv0
                0x0000000008000eac                __aeabi_ldiv0
 *(.text*)
 .text.BH1750_Init
                0x0000000008000eb0       0x38 ./Core/Src/BH1750.o
                0x0000000008000eb0                BH1750_Init
 .text.BH1750_Reset
                0x0000000008000ee8       0x34 ./Core/Src/BH1750.o
                0x0000000008000ee8                BH1750_Reset
 .text.BH1750_SetMode
                0x0000000008000f1c       0x64 ./Core/Src/BH1750.o
                0x0000000008000f1c                BH1750_SetMode
 .text.BH1750_SetMtreg
                0x0000000008000f80       0x9c ./Core/Src/BH1750.o
                0x0000000008000f80                BH1750_SetMtreg
 .text.BH1750_ReadLight
                0x000000000800101c       0x9c ./Core/Src/BH1750.o
                0x000000000800101c                BH1750_ReadLight
 .text.DWT_Delay_us
                0x00000000080010b8       0x48 ./Core/Src/DHT11.o
 .text.Set_Pin_Output
                0x0000000008001100       0x3c ./Core/Src/DHT11.o
                0x0000000008001100                Set_Pin_Output
 .text.Set_Pin_Input
                0x000000000800113c       0x3c ./Core/Src/DHT11.o
                0x000000000800113c                Set_Pin_Input
 .text.DHT11_Start
                0x0000000008001178       0x40 ./Core/Src/DHT11.o
                0x0000000008001178                DHT11_Start
 .text.DHT11_Check_Response
                0x00000000080011b8       0x74 ./Core/Src/DHT11.o
                0x00000000080011b8                DHT11_Check_Response
 .text.DHT11_Read
                0x000000000800122c       0xb8 ./Core/Src/DHT11.o
                0x000000000800122c                DHT11_Read
 .text.DHT11_TempAndHumidity
                0x00000000080012e4       0x88 ./Core/Src/DHT11.o
                0x00000000080012e4                DHT11_TempAndHumidity
 .text.nrf24_CE_enable
                0x000000000800136c       0x18 ./Core/Src/NRF24L0plus.o
                0x000000000800136c                nrf24_CE_enable
 .text.CS_ON    0x0000000008001384       0x18 ./Core/Src/NRF24L0plus.o
 .text.CS_OFF   0x000000000800139c       0x18 ./Core/Src/NRF24L0plus.o
 .text.nrf24_WriteReg
                0x00000000080013b4       0x4c ./Core/Src/NRF24L0plus.o
                0x00000000080013b4                nrf24_WriteReg
 .text.nrf24_ReadReg
                0x0000000008001400       0x5c ./Core/Src/NRF24L0plus.o
                0x0000000008001400                nrf24_ReadReg
 .text.BMP280_Read8
                0x000000000800145c       0x3c ./Core/Src/bmpxx80.o
                0x000000000800145c                BMP280_Read8
 .text.BMP280_Read16
                0x0000000008001498       0x44 ./Core/Src/bmpxx80.o
                0x0000000008001498                BMP280_Read16
 .text.BMP280_Read16LE
                0x00000000080014dc       0x32 ./Core/Src/bmpxx80.o
                0x00000000080014dc                BMP280_Read16LE
 *fill*         0x000000000800150e        0x2 
 .text.BMP280_Write8
                0x0000000008001510       0x38 ./Core/Src/bmpxx80.o
                0x0000000008001510                BMP280_Write8
 .text.BMP280_Read24
                0x0000000008001548       0x44 ./Core/Src/bmpxx80.o
                0x0000000008001548                BMP280_Read24
 .text.BMP280_Init
                0x000000000800158c      0x17c ./Core/Src/bmpxx80.o
                0x000000000800158c                BMP280_Init
 .text.BMP280_ReadTemperature
                0x0000000008001708      0x118 ./Core/Src/bmpxx80.o
                0x0000000008001708                BMP280_ReadTemperature
 .text.BMP280_ReadPressure
                0x0000000008001820      0x5a8 ./Core/Src/bmpxx80.o
                0x0000000008001820                BMP280_ReadPressure
 .text.DWT_Delay_Init
                0x0000000008001dc8       0x60 ./Core/Src/dwt_stm32_delay.o
                0x0000000008001dc8                DWT_Delay_Init
 .text.vApplicationStackOverflowHook
                0x0000000008001e28        0xc ./Core/Src/freertos.o
                0x0000000008001e28                vApplicationStackOverflowHook
 .text.vApplicationMallocFailedHook
                0x0000000008001e34        0x6 ./Core/Src/freertos.o
                0x0000000008001e34                vApplicationMallocFailedHook
 *fill*         0x0000000008001e3a        0x2 
 .text.MX_FREERTOS_Init
                0x0000000008001e3c      0x120 ./Core/Src/freertos.o
                0x0000000008001e3c                MX_FREERTOS_Init
 .text.StartBMP_Task
                0x0000000008001f5c       0xb8 ./Core/Src/freertos.o
                0x0000000008001f5c                StartBMP_Task
 .text.StartBH_Task
                0x0000000008002014       0xc8 ./Core/Src/freertos.o
                0x0000000008002014                StartBH_Task
 .text.StartLedRed_task
                0x00000000080020dc       0x20 ./Core/Src/freertos.o
                0x00000000080020dc                StartLedRed_task
 .text.StartDHT11Task
                0x00000000080020fc       0x6c ./Core/Src/freertos.o
                0x00000000080020fc                StartDHT11Task
 .text.StartSenderTask
                0x0000000008002168      0x140 ./Core/Src/freertos.o
                0x0000000008002168                StartSenderTask
 .text.StartIWDGTask
                0x00000000080022a8       0x1c ./Core/Src/freertos.o
                0x00000000080022a8                StartIWDGTask
 .text.StartNRF24Task
                0x00000000080022c4       0x7c ./Core/Src/freertos.o
                0x00000000080022c4                StartNRF24Task
 .text._putchar
                0x0000000008002340       0x24 ./Core/Src/freertos.o
                0x0000000008002340                _putchar
 .text.MX_GPIO_Init
                0x0000000008002364      0x148 ./Core/Src/gpio.o
                0x0000000008002364                MX_GPIO_Init
 .text.MX_I2C1_Init
                0x00000000080024ac       0x80 ./Core/Src/i2c.o
                0x00000000080024ac                MX_I2C1_Init
 .text.HAL_I2C_MspInit
                0x000000000800252c       0xbc ./Core/Src/i2c.o
                0x000000000800252c                HAL_I2C_MspInit
 .text.MX_IWDG_Init
                0x00000000080025e8       0x3c ./Core/Src/iwdg.o
                0x00000000080025e8                MX_IWDG_Init
 .text.main     0x0000000008002624       0x2e ./Core/Src/main.o
                0x0000000008002624                main
 .text.SystemClock_Config
                0x0000000008002652       0xa8 ./Core/Src/main.o
                0x0000000008002652                SystemClock_Config
 *fill*         0x00000000080026fa        0x2 
 .text.HAL_TIM_PeriodElapsedCallback
                0x00000000080026fc       0x24 ./Core/Src/main.o
                0x00000000080026fc                HAL_TIM_PeriodElapsedCallback
 .text.Error_Handler
                0x0000000008002720        0xa ./Core/Src/main.o
                0x0000000008002720                Error_Handler
 .text._out_null
                0x000000000800272a       0x1c ./Core/Src/printf.o
 .text._out_char
                0x0000000008002746       0x26 ./Core/Src/printf.o
 .text._strnlen_s
                0x000000000800276c       0x3a ./Core/Src/printf.o
 .text._is_digit
                0x00000000080027a6       0x2e ./Core/Src/printf.o
 .text._atoi    0x00000000080027d4       0x48 ./Core/Src/printf.o
 .text._out_rev
                0x000000000800281c       0xa0 ./Core/Src/printf.o
 .text._ntoa_format
                0x00000000080028bc      0x1b8 ./Core/Src/printf.o
 .text._ntoa_long
                0x0000000008002a74       0xcc ./Core/Src/printf.o
 .text._ntoa_long_long
                0x0000000008002b40       0xda ./Core/Src/printf.o
 *fill*         0x0000000008002c1a        0x6 
 .text._ftoa    0x0000000008002c20      0x4ac ./Core/Src/printf.o
 *fill*         0x00000000080030cc        0x4 
 .text._etoa    0x00000000080030d0      0x510 ./Core/Src/printf.o
 .text._vsnprintf
                0x00000000080035e0      0x9c8 ./Core/Src/printf.o
 .text.printf_  0x0000000008003fa8       0x38 ./Core/Src/printf.o
                0x0000000008003fa8                printf_
 .text.MX_SPI1_Init
                0x0000000008003fe0       0x7c ./Core/Src/spi.o
                0x0000000008003fe0                MX_SPI1_Init
 .text.HAL_SPI_MspInit
                0x000000000800405c       0x88 ./Core/Src/spi.o
                0x000000000800405c                HAL_SPI_MspInit
 .text.HAL_MspInit
                0x00000000080040e4       0x50 ./Core/Src/stm32l4xx_hal_msp.o
                0x00000000080040e4                HAL_MspInit
 .text.HAL_InitTick
                0x0000000008004134       0xac ./Core/Src/stm32l4xx_hal_timebase_tim.o
                0x0000000008004134                HAL_InitTick
 .text.NMI_Handler
                0x00000000080041e0        0x6 ./Core/Src/stm32l4xx_it.o
                0x00000000080041e0                NMI_Handler
 .text.HardFault_Handler
                0x00000000080041e6        0x6 ./Core/Src/stm32l4xx_it.o
                0x00000000080041e6                HardFault_Handler
 .text.MemManage_Handler
                0x00000000080041ec        0x6 ./Core/Src/stm32l4xx_it.o
                0x00000000080041ec                MemManage_Handler
 .text.BusFault_Handler
                0x00000000080041f2        0x6 ./Core/Src/stm32l4xx_it.o
                0x00000000080041f2                BusFault_Handler
 .text.UsageFault_Handler
                0x00000000080041f8        0x6 ./Core/Src/stm32l4xx_it.o
                0x00000000080041f8                UsageFault_Handler
 .text.DebugMon_Handler
                0x00000000080041fe        0xe ./Core/Src/stm32l4xx_it.o
                0x00000000080041fe                DebugMon_Handler
 .text.EXTI3_IRQHandler
                0x000000000800420c        0xe ./Core/Src/stm32l4xx_it.o
                0x000000000800420c                EXTI3_IRQHandler
 *fill*         0x000000000800421a        0x2 
 .text.TIM7_IRQHandler
                0x000000000800421c       0x14 ./Core/Src/stm32l4xx_it.o
                0x000000000800421c                TIM7_IRQHandler
 .text.SystemInit
                0x0000000008004230       0x24 ./Core/Src/system_stm32l4xx.o
                0x0000000008004230                SystemInit
 .text.MX_USART2_UART_Init
                0x0000000008004254       0x60 ./Core/Src/usart.o
                0x0000000008004254                MX_USART2_UART_Init
 .text.HAL_UART_MspInit
                0x00000000080042b4       0xbc ./Core/Src/usart.o
                0x00000000080042b4                HAL_UART_MspInit
 .text.Reset_Handler
                0x0000000008004370       0x50 ./Core/Startup/startup_stm32l476vgtx.o
                0x0000000008004370                Reset_Handler
 .text.Default_Handler
                0x00000000080043c0        0x2 ./Core/Startup/startup_stm32l476vgtx.o
                0x00000000080043c0                RTC_Alarm_IRQHandler
                0x00000000080043c0                EXTI2_IRQHandler
                0x00000000080043c0                TIM8_TRG_COM_IRQHandler
                0x00000000080043c0                TIM8_CC_IRQHandler
                0x00000000080043c0                TIM1_CC_IRQHandler
                0x00000000080043c0                TSC_IRQHandler
                0x00000000080043c0                TAMP_STAMP_IRQHandler
                0x00000000080043c0                LPTIM2_IRQHandler
                0x00000000080043c0                DFSDM1_FLT1_IRQHandler
                0x00000000080043c0                I2C3_ER_IRQHandler
                0x00000000080043c0                DFSDM1_FLT2_IRQHandler
                0x00000000080043c0                EXTI0_IRQHandler
                0x00000000080043c0                I2C2_EV_IRQHandler
                0x00000000080043c0                CAN1_RX0_IRQHandler
                0x00000000080043c0                FPU_IRQHandler
                0x00000000080043c0                TIM1_UP_TIM16_IRQHandler
                0x00000000080043c0                ADC1_2_IRQHandler
                0x00000000080043c0                SPI1_IRQHandler
                0x00000000080043c0                TIM6_DAC_IRQHandler
                0x00000000080043c0                TIM8_UP_IRQHandler
                0x00000000080043c0                DMA2_Channel2_IRQHandler
                0x00000000080043c0                DMA1_Channel4_IRQHandler
                0x00000000080043c0                SAI2_IRQHandler
                0x00000000080043c0                DFSDM1_FLT3_IRQHandler
                0x00000000080043c0                USART3_IRQHandler
                0x00000000080043c0                DMA1_Channel7_IRQHandler
                0x00000000080043c0                CAN1_RX1_IRQHandler
                0x00000000080043c0                LCD_IRQHandler
                0x00000000080043c0                UART5_IRQHandler
                0x00000000080043c0                ADC3_IRQHandler
                0x00000000080043c0                TIM4_IRQHandler
                0x00000000080043c0                DMA2_Channel1_IRQHandler
                0x00000000080043c0                QUADSPI_IRQHandler
                0x00000000080043c0                I2C1_EV_IRQHandler
                0x00000000080043c0                DMA1_Channel6_IRQHandler
                0x00000000080043c0                UART4_IRQHandler
                0x00000000080043c0                DMA2_Channel4_IRQHandler
                0x00000000080043c0                TIM3_IRQHandler
                0x00000000080043c0                RCC_IRQHandler
                0x00000000080043c0                DMA1_Channel1_IRQHandler
                0x00000000080043c0                Default_Handler
                0x00000000080043c0                DMA2_Channel7_IRQHandler
                0x00000000080043c0                EXTI15_10_IRQHandler
                0x00000000080043c0                SDMMC1_IRQHandler
                0x00000000080043c0                TIM5_IRQHandler
                0x00000000080043c0                I2C3_EV_IRQHandler
                0x00000000080043c0                EXTI9_5_IRQHandler
                0x00000000080043c0                RTC_WKUP_IRQHandler
                0x00000000080043c0                PVD_PVM_IRQHandler
                0x00000000080043c0                SPI2_IRQHandler
                0x00000000080043c0                CAN1_TX_IRQHandler
                0x00000000080043c0                DMA2_Channel5_IRQHandler
                0x00000000080043c0                DMA1_Channel5_IRQHandler
                0x00000000080043c0                EXTI4_IRQHandler
                0x00000000080043c0                RNG_IRQHandler
                0x00000000080043c0                TIM1_TRG_COM_TIM17_IRQHandler
                0x00000000080043c0                DMA1_Channel3_IRQHandler
                0x00000000080043c0                COMP_IRQHandler
                0x00000000080043c0                WWDG_IRQHandler
                0x00000000080043c0                LPUART1_IRQHandler
                0x00000000080043c0                DMA2_Channel6_IRQHandler
                0x00000000080043c0                TIM2_IRQHandler
                0x00000000080043c0                EXTI1_IRQHandler
                0x00000000080043c0                USART2_IRQHandler
                0x00000000080043c0                DFSDM1_FLT0_IRQHandler
                0x00000000080043c0                I2C2_ER_IRQHandler
                0x00000000080043c0                DMA1_Channel2_IRQHandler
                0x00000000080043c0                TIM8_BRK_IRQHandler
                0x00000000080043c0                CAN1_SCE_IRQHandler
                0x00000000080043c0                FLASH_IRQHandler
                0x00000000080043c0                USART1_IRQHandler
                0x00000000080043c0                OTG_FS_IRQHandler
                0x00000000080043c0                SPI3_IRQHandler
                0x00000000080043c0                I2C1_ER_IRQHandler
                0x00000000080043c0                FMC_IRQHandler
                0x00000000080043c0                SWPMI1_IRQHandler
                0x00000000080043c0                LPTIM1_IRQHandler
                0x00000000080043c0                SAI1_IRQHandler
                0x00000000080043c0                DMA2_Channel3_IRQHandler
                0x00000000080043c0                TIM1_BRK_TIM15_IRQHandler
 .text.HAL_Init
                0x00000000080043c2       0x30 ./Drivers/STM32L4xx_HAL_Driver/Src/stm32l4xx_hal.o
                0x00000000080043c2                HAL_Init
 *fill*         0x00000000080043f2        0x2 
 .text.HAL_IncTick
                0x00000000080043f4       0x28 ./Drivers/STM32L4xx_HAL_Driver/Src/stm32l4xx_hal.o
                0x00000000080043f4                HAL_IncTick
 .text.HAL_GetTick
                0x000000000800441c       0x18 ./Drivers/STM32L4xx_HAL_Driver/Src/stm32l4xx_hal.o
                0x000000000800441c                HAL_GetTick
 .text.__NVIC_SetPriorityGrouping
                0x0000000008004434       0x48 ./Drivers/STM32L4xx_HAL_Driver/Src/stm32l4xx_hal_cortex.o
 .text.__NVIC_GetPriorityGrouping
                0x000000000800447c       0x1c ./Drivers/STM32L4xx_HAL_Driver/Src/stm32l4xx_hal_cortex.o
 .text.__NVIC_EnableIRQ
                0x0000000008004498       0x3c ./Drivers/STM32L4xx_HAL_Driver/Src/stm32l4xx_hal_cortex.o
 .text.__NVIC_SetPriority
                0x00000000080044d4       0x54 ./Drivers/STM32L4xx_HAL_Driver/Src/stm32l4xx_hal_cortex.o
 .text.NVIC_EncodePriority
                0x0000000008004528       0x66 ./Drivers/STM32L4xx_HAL_Driver/Src/stm32l4xx_hal_cortex.o
 .text.HAL_NVIC_SetPriorityGrouping
                0x000000000800458e       0x16 ./Drivers/STM32L4xx_HAL_Driver/Src/stm32l4xx_hal_cortex.o
                0x000000000800458e                HAL_NVIC_SetPriorityGrouping
 .text.HAL_NVIC_SetPriority
                0x00000000080045a4       0x38 ./Drivers/STM32L4xx_HAL_Driver/Src/stm32l4xx_hal_cortex.o
                0x00000000080045a4                HAL_NVIC_SetPriority
 .text.HAL_NVIC_EnableIRQ
                0x00000000080045dc       0x1c ./Drivers/STM32L4xx_HAL_Driver/Src/stm32l4xx_hal_cortex.o
                0x00000000080045dc                HAL_NVIC_EnableIRQ
 .text.HAL_GPIO_Init
                0x00000000080045f8      0x354 ./Drivers/STM32L4xx_HAL_Driver/Src/stm32l4xx_hal_gpio.o
                0x00000000080045f8                HAL_GPIO_Init
 .text.HAL_GPIO_ReadPin
                0x000000000800494c       0x30 ./Drivers/STM32L4xx_HAL_Driver/Src/stm32l4xx_hal_gpio.o
                0x000000000800494c                HAL_GPIO_ReadPin
 .text.HAL_GPIO_WritePin
                0x000000000800497c       0x30 ./Drivers/STM32L4xx_HAL_Driver/Src/stm32l4xx_hal_gpio.o
                0x000000000800497c                HAL_GPIO_WritePin
 .text.HAL_GPIO_TogglePin
                0x00000000080049ac       0x34 ./Drivers/STM32L4xx_HAL_Driver/Src/stm32l4xx_hal_gpio.o
                0x00000000080049ac                HAL_GPIO_TogglePin
 .text.HAL_GPIO_EXTI_IRQHandler
                0x00000000080049e0       0x30 ./Drivers/STM32L4xx_HAL_Driver/Src/stm32l4xx_hal_gpio.o
                0x00000000080049e0                HAL_GPIO_EXTI_IRQHandler
 .text.HAL_GPIO_EXTI_Callback
                0x0000000008004a10       0x16 ./Drivers/STM32L4xx_HAL_Driver/Src/stm32l4xx_hal_gpio.o
                0x0000000008004a10                HAL_GPIO_EXTI_Callback
 .text.HAL_I2C_Init
                0x0000000008004a26      0x11e ./Drivers/STM32L4xx_HAL_Driver/Src/stm32l4xx_hal_i2c.o
                0x0000000008004a26                HAL_I2C_Init
 .text.HAL_I2C_Master_Transmit
                0x0000000008004b44      0x1e8 ./Drivers/STM32L4xx_HAL_Driver/Src/stm32l4xx_hal_i2c.o
                0x0000000008004b44                HAL_I2C_Master_Transmit
 .text.HAL_I2C_Master_Receive
                0x0000000008004d2c      0x1ec ./Drivers/STM32L4xx_HAL_Driver/Src/stm32l4xx_hal_i2c.o
                0x0000000008004d2c                HAL_I2C_Master_Receive
 .text.HAL_I2C_Mem_Write
                0x0000000008004f18      0x228 ./Drivers/STM32L4xx_HAL_Driver/Src/stm32l4xx_hal_i2c.o
                0x0000000008004f18                HAL_I2C_Mem_Write
 .text.HAL_I2C_Mem_Read
                0x0000000008005140      0x234 ./Drivers/STM32L4xx_HAL_Driver/Src/stm32l4xx_hal_i2c.o
                0x0000000008005140                HAL_I2C_Mem_Read
 .text.I2C_RequestMemoryWrite
                0x0000000008005374       0xa8 ./Drivers/STM32L4xx_HAL_Driver/Src/stm32l4xx_hal_i2c.o
 .text.I2C_RequestMemoryRead
                0x000000000800541c       0xa8 ./Drivers/STM32L4xx_HAL_Driver/Src/stm32l4xx_hal_i2c.o
 .text.I2C_Flush_TXDR
                0x00000000080054c4       0x48 ./Drivers/STM32L4xx_HAL_Driver/Src/stm32l4xx_hal_i2c.o
 .text.I2C_WaitOnFlagUntilTimeout
                0x000000000800550c       0x80 ./Drivers/STM32L4xx_HAL_Driver/Src/stm32l4xx_hal_i2c.o
 .text.I2C_WaitOnTXISFlagUntilTimeout
                0x000000000800558c       0x80 ./Drivers/STM32L4xx_HAL_Driver/Src/stm32l4xx_hal_i2c.o
 .text.I2C_WaitOnSTOPFlagUntilTimeout
                0x000000000800560c       0x78 ./Drivers/STM32L4xx_HAL_Driver/Src/stm32l4xx_hal_i2c.o
 .text.I2C_WaitOnRXNEFlagUntilTimeout
                0x0000000008005684       0xf4 ./Drivers/STM32L4xx_HAL_Driver/Src/stm32l4xx_hal_i2c.o
 .text.I2C_IsErrorOccurred
                0x0000000008005778      0x1d8 ./Drivers/STM32L4xx_HAL_Driver/Src/stm32l4xx_hal_i2c.o
 .text.I2C_TransferConfig
                0x0000000008005950       0x64 ./Drivers/STM32L4xx_HAL_Driver/Src/stm32l4xx_hal_i2c.o
 .text.HAL_I2CEx_ConfigAnalogFilter
                0x00000000080059b4       0x96 ./Drivers/STM32L4xx_HAL_Driver/Src/stm32l4xx_hal_i2c_ex.o
                0x00000000080059b4                HAL_I2CEx_ConfigAnalogFilter
 .text.HAL_I2CEx_ConfigDigitalFilter
                0x0000000008005a4a       0x98 ./Drivers/STM32L4xx_HAL_Driver/Src/stm32l4xx_hal_i2c_ex.o
                0x0000000008005a4a                HAL_I2CEx_ConfigDigitalFilter
 .text.HAL_IWDG_Init
                0x0000000008005ae2       0x9e ./Drivers/STM32L4xx_HAL_Driver/Src/stm32l4xx_hal_iwdg.o
                0x0000000008005ae2                HAL_IWDG_Init
 .text.HAL_IWDG_Refresh
                0x0000000008005b80       0x20 ./Drivers/STM32L4xx_HAL_Driver/Src/stm32l4xx_hal_iwdg.o
                0x0000000008005b80                HAL_IWDG_Refresh
 .text.HAL_PWREx_GetVoltageRange
                0x0000000008005ba0       0x1c ./Drivers/STM32L4xx_HAL_Driver/Src/stm32l4xx_hal_pwr_ex.o
                0x0000000008005ba0                HAL_PWREx_GetVoltageRange
 .text.HAL_PWREx_ControlVoltageScaling
                0x0000000008005bbc       0xac ./Drivers/STM32L4xx_HAL_Driver/Src/stm32l4xx_hal_pwr_ex.o
                0x0000000008005bbc                HAL_PWREx_ControlVoltageScaling
 .text.HAL_RCC_OscConfig
                0x0000000008005c68      0x7d0 ./Drivers/STM32L4xx_HAL_Driver/Src/stm32l4xx_hal_rcc.o
                0x0000000008005c68                HAL_RCC_OscConfig
 .text.HAL_RCC_ClockConfig
                0x0000000008006438      0x1c4 ./Drivers/STM32L4xx_HAL_Driver/Src/stm32l4xx_hal_rcc.o
                0x0000000008006438                HAL_RCC_ClockConfig
 .text.HAL_RCC_GetSysClockFreq
                0x00000000080065fc      0x118 ./Drivers/STM32L4xx_HAL_Driver/Src/stm32l4xx_hal_rcc.o
                0x00000000080065fc                HAL_RCC_GetSysClockFreq
 .text.HAL_RCC_GetHCLKFreq
                0x0000000008006714       0x18 ./Drivers/STM32L4xx_HAL_Driver/Src/stm32l4xx_hal_rcc.o
                0x0000000008006714                HAL_RCC_GetHCLKFreq
 .text.HAL_RCC_GetPCLK1Freq
                0x000000000800672c       0x2c ./Drivers/STM32L4xx_HAL_Driver/Src/stm32l4xx_hal_rcc.o
                0x000000000800672c                HAL_RCC_GetPCLK1Freq
 .text.HAL_RCC_GetPCLK2Freq
                0x0000000008006758       0x2c ./Drivers/STM32L4xx_HAL_Driver/Src/stm32l4xx_hal_rcc.o
                0x0000000008006758                HAL_RCC_GetPCLK2Freq
 .text.HAL_RCC_GetClockConfig
                0x0000000008006784       0x64 ./Drivers/STM32L4xx_HAL_Driver/Src/stm32l4xx_hal_rcc.o
                0x0000000008006784                HAL_RCC_GetClockConfig
 .text.RCC_SetFlashLatencyFromMSIRange
                0x00000000080067e8       0xc0 ./Drivers/STM32L4xx_HAL_Driver/Src/stm32l4xx_hal_rcc.o
 .text.HAL_RCCEx_PeriphCLKConfig
                0x00000000080068a8      0x5d4 ./Drivers/STM32L4xx_HAL_Driver/Src/stm32l4xx_hal_rcc_ex.o
                0x00000000080068a8                HAL_RCCEx_PeriphCLKConfig
 .text.RCCEx_PLLSAI1_Config
                0x0000000008006e7c      0x1e8 ./Drivers/STM32L4xx_HAL_Driver/Src/stm32l4xx_hal_rcc_ex.o
 .text.RCCEx_PLLSAI2_Config
                0x0000000008007064      0x1bc ./Drivers/STM32L4xx_HAL_Driver/Src/stm32l4xx_hal_rcc_ex.o
 .text.HAL_SPI_Init
                0x0000000008007220      0x146 ./Drivers/STM32L4xx_HAL_Driver/Src/stm32l4xx_hal_spi.o
                0x0000000008007220                HAL_SPI_Init
 .text.HAL_SPI_Transmit
                0x0000000008007366      0x2dc ./Drivers/STM32L4xx_HAL_Driver/Src/stm32l4xx_hal_spi.o
                0x0000000008007366                HAL_SPI_Transmit
 .text.HAL_SPI_Receive
                0x0000000008007642      0x260 ./Drivers/STM32L4xx_HAL_Driver/Src/stm32l4xx_hal_spi.o
                0x0000000008007642                HAL_SPI_Receive
 .text.HAL_SPI_TransmitReceive
                0x00000000080078a2      0x426 ./Drivers/STM32L4xx_HAL_Driver/Src/stm32l4xx_hal_spi.o
                0x00000000080078a2                HAL_SPI_TransmitReceive
 .text.SPI_WaitFlagStateUntilTimeout
                0x0000000008007cc8      0x110 ./Drivers/STM32L4xx_HAL_Driver/Src/stm32l4xx_hal_spi.o
 .text.SPI_WaitFifoStateUntilTimeout
                0x0000000008007dd8      0x12c ./Drivers/STM32L4xx_HAL_Driver/Src/stm32l4xx_hal_spi.o
 .text.SPI_EndRxTransaction
                0x0000000008007f04       0xb0 ./Drivers/STM32L4xx_HAL_Driver/Src/stm32l4xx_hal_spi.o
 .text.SPI_EndRxTxTransaction
                0x0000000008007fb4       0x8c ./Drivers/STM32L4xx_HAL_Driver/Src/stm32l4xx_hal_spi.o
 .text.HAL_TIM_Base_Init
                0x0000000008008040       0xae ./Drivers/STM32L4xx_HAL_Driver/Src/stm32l4xx_hal_tim.o
                0x0000000008008040                HAL_TIM_Base_Init
 .text.HAL_TIM_Base_MspInit
                0x00000000080080ee       0x14 ./Drivers/STM32L4xx_HAL_Driver/Src/stm32l4xx_hal_tim.o
                0x00000000080080ee                HAL_TIM_Base_MspInit
 *fill*         0x0000000008008102        0x2 
 .text.HAL_TIM_Base_Start_IT
                0x0000000008008104       0xe0 ./Drivers/STM32L4xx_HAL_Driver/Src/stm32l4xx_hal_tim.o
                0x0000000008008104                HAL_TIM_Base_Start_IT
 .text.HAL_TIM_IRQHandler
                0x00000000080081e4      0x23e ./Drivers/STM32L4xx_HAL_Driver/Src/stm32l4xx_hal_tim.o
                0x00000000080081e4                HAL_TIM_IRQHandler
 .text.HAL_TIM_OC_DelayElapsedCallback
                0x0000000008008422       0x14 ./Drivers/STM32L4xx_HAL_Driver/Src/stm32l4xx_hal_tim.o
                0x0000000008008422                HAL_TIM_OC_DelayElapsedCallback
 .text.HAL_TIM_IC_CaptureCallback
                0x0000000008008436       0x14 ./Drivers/STM32L4xx_HAL_Driver/Src/stm32l4xx_hal_tim.o
                0x0000000008008436                HAL_TIM_IC_CaptureCallback
 .text.HAL_TIM_PWM_PulseFinishedCallback
                0x000000000800844a       0x14 ./Drivers/STM32L4xx_HAL_Driver/Src/stm32l4xx_hal_tim.o
                0x000000000800844a                HAL_TIM_PWM_PulseFinishedCallback
 .text.HAL_TIM_TriggerCallback
                0x000000000800845e       0x14 ./Drivers/STM32L4xx_HAL_Driver/Src/stm32l4xx_hal_tim.o
                0x000000000800845e                HAL_TIM_TriggerCallback
 *fill*         0x0000000008008472        0x2 
 .text.TIM_Base_SetConfig
                0x0000000008008474      0x134 ./Drivers/STM32L4xx_HAL_Driver/Src/stm32l4xx_hal_tim.o
                0x0000000008008474                TIM_Base_SetConfig
 .text.HAL_TIMEx_CommutCallback
                0x00000000080085a8       0x14 ./Drivers/STM32L4xx_HAL_Driver/Src/stm32l4xx_hal_tim_ex.o
                0x00000000080085a8                HAL_TIMEx_CommutCallback
 .text.HAL_TIMEx_BreakCallback
                0x00000000080085bc       0x14 ./Drivers/STM32L4xx_HAL_Driver/Src/stm32l4xx_hal_tim_ex.o
                0x00000000080085bc                HAL_TIMEx_BreakCallback
 .text.HAL_TIMEx_Break2Callback
                0x00000000080085d0       0x14 ./Drivers/STM32L4xx_HAL_Driver/Src/stm32l4xx_hal_tim_ex.o
                0x00000000080085d0                HAL_TIMEx_Break2Callback
 .text.HAL_UART_Init
                0x00000000080085e4       0x9c ./Drivers/STM32L4xx_HAL_Driver/Src/stm32l4xx_hal_uart.o
                0x00000000080085e4                HAL_UART_Init
 .text.HAL_UART_Transmit
                0x0000000008008680      0x128 ./Drivers/STM32L4xx_HAL_Driver/Src/stm32l4xx_hal_uart.o
                0x0000000008008680                HAL_UART_Transmit
 .text.UART_SetConfig
                0x00000000080087a8      0x570 ./Drivers/STM32L4xx_HAL_Driver/Src/stm32l4xx_hal_uart.o
                0x00000000080087a8                UART_SetConfig
 .text.UART_AdvFeatureConfig
                0x0000000008008d18      0x144 ./Drivers/STM32L4xx_HAL_Driver/Src/stm32l4xx_hal_uart.o
                0x0000000008008d18                UART_AdvFeatureConfig
 .text.UART_CheckIdleState
                0x0000000008008e5c       0x92 ./Drivers/STM32L4xx_HAL_Driver/Src/stm32l4xx_hal_uart.o
                0x0000000008008e5c                UART_CheckIdleState
 .text.UART_WaitOnFlagUntilTimeout
                0x0000000008008eee      0x188 ./Drivers/STM32L4xx_HAL_Driver/Src/stm32l4xx_hal_uart.o
                0x0000000008008eee                UART_WaitOnFlagUntilTimeout
 *fill*         0x0000000008009076        0x2 
 .text.__NVIC_SetPriority
                0x0000000008009078       0x54 ./Middlewares/Third_Party/FreeRTOS/Source/CMSIS_RTOS_V2/cmsis_os2.o
 .text.SysTick_Handler
                0x00000000080090cc       0x20 ./Middlewares/Third_Party/FreeRTOS/Source/CMSIS_RTOS_V2/cmsis_os2.o
                0x00000000080090cc                SysTick_Handler
 .text.SVC_Setup
                0x00000000080090ec       0x12 ./Middlewares/Third_Party/FreeRTOS/Source/CMSIS_RTOS_V2/cmsis_os2.o
 *fill*         0x00000000080090fe        0x2 
 .text.osKernelInitialize
                0x0000000008009100       0x48 ./Middlewares/Third_Party/FreeRTOS/Source/CMSIS_RTOS_V2/cmsis_os2.o
                0x0000000008009100                osKernelInitialize
 .text.osKernelStart
                0x0000000008009148       0x4c ./Middlewares/Third_Party/FreeRTOS/Source/CMSIS_RTOS_V2/cmsis_os2.o
                0x0000000008009148                osKernelStart
 .text.osThreadNew
                0x0000000008009194      0x124 ./Middlewares/Third_Party/FreeRTOS/Source/CMSIS_RTOS_V2/cmsis_os2.o
                0x0000000008009194                osThreadNew
 .text.osDelay  0x00000000080092b8       0x36 ./Middlewares/Third_Party/FreeRTOS/Source/CMSIS_RTOS_V2/cmsis_os2.o
                0x00000000080092b8                osDelay
 .text.osMutexNew
                0x00000000080092ee      0x10c ./Middlewares/Third_Party/FreeRTOS/Source/CMSIS_RTOS_V2/cmsis_os2.o
                0x00000000080092ee                osMutexNew
 .text.osMutexAcquire
                0x00000000080093fa       0x96 ./Middlewares/Third_Party/FreeRTOS/Source/CMSIS_RTOS_V2/cmsis_os2.o
                0x00000000080093fa                osMutexAcquire
 .text.osMutexRelease
                0x0000000008009490       0x7a ./Middlewares/Third_Party/FreeRTOS/Source/CMSIS_RTOS_V2/cmsis_os2.o
                0x0000000008009490                osMutexRelease
 .text.osMessageQueueNew
                0x000000000800950a       0xe6 ./Middlewares/Third_Party/FreeRTOS/Source/CMSIS_RTOS_V2/cmsis_os2.o
                0x000000000800950a                osMessageQueueNew
 .text.osMessageQueuePut
                0x00000000080095f0       0xc0 ./Middlewares/Third_Party/FreeRTOS/Source/CMSIS_RTOS_V2/cmsis_os2.o
                0x00000000080095f0                osMessageQueuePut
 .text.osMessageQueueGet
                0x00000000080096b0       0xbc ./Middlewares/Third_Party/FreeRTOS/Source/CMSIS_RTOS_V2/cmsis_os2.o
                0x00000000080096b0                osMessageQueueGet
 .text.vApplicationGetIdleTaskMemory
                0x000000000800976c       0x34 ./Middlewares/Third_Party/FreeRTOS/Source/CMSIS_RTOS_V2/cmsis_os2.o
                0x000000000800976c                vApplicationGetIdleTaskMemory
 .text.vApplicationGetTimerTaskMemory
                0x00000000080097a0       0x34 ./Middlewares/Third_Party/FreeRTOS/Source/CMSIS_RTOS_V2/cmsis_os2.o
                0x00000000080097a0                vApplicationGetTimerTaskMemory
 .text.vListInitialise
                0x00000000080097d4       0x40 ./Middlewares/Third_Party/FreeRTOS/Source/list.o
                0x00000000080097d4                vListInitialise
 .text.vListInitialiseItem
                0x0000000008009814       0x1a ./Middlewares/Third_Party/FreeRTOS/Source/list.o
                0x0000000008009814                vListInitialiseItem
 .text.vListInsertEnd
                0x000000000800982e       0x48 ./Middlewares/Third_Party/FreeRTOS/Source/list.o
                0x000000000800982e                vListInsertEnd
 .text.vListInsert
                0x0000000008009876       0x72 ./Middlewares/Third_Party/FreeRTOS/Source/list.o
                0x0000000008009876                vListInsert
 .text.uxListRemove
                0x00000000080098e8       0x54 ./Middlewares/Third_Party/FreeRTOS/Source/list.o
                0x00000000080098e8                uxListRemove
 .text.xQueueGenericReset
                0x000000000800993c       0xd0 ./Middlewares/Third_Party/FreeRTOS/Source/queue.o
                0x000000000800993c                xQueueGenericReset
 .text.xQueueGenericCreateStatic
                0x0000000008009a0c       0xf0 ./Middlewares/Third_Party/FreeRTOS/Source/queue.o
                0x0000000008009a0c                xQueueGenericCreateStatic
 .text.xQueueGenericCreate
                0x0000000008009afc       0x74 ./Middlewares/Third_Party/FreeRTOS/Source/queue.o
                0x0000000008009afc                xQueueGenericCreate
 .text.prvInitialiseNewQueue
                0x0000000008009b70       0x46 ./Middlewares/Third_Party/FreeRTOS/Source/queue.o
 .text.prvInitialiseMutex
                0x0000000008009bb6       0x34 ./Middlewares/Third_Party/FreeRTOS/Source/queue.o
 .text.xQueueCreateMutex
                0x0000000008009bea       0x30 ./Middlewares/Third_Party/FreeRTOS/Source/queue.o
                0x0000000008009bea                xQueueCreateMutex
 .text.xQueueCreateMutexStatic
                0x0000000008009c1a       0x36 ./Middlewares/Third_Party/FreeRTOS/Source/queue.o
                0x0000000008009c1a                xQueueCreateMutexStatic
 .text.xQueueGiveMutexRecursive
                0x0000000008009c50       0x68 ./Middlewares/Third_Party/FreeRTOS/Source/queue.o
                0x0000000008009c50                xQueueGiveMutexRecursive
 .text.xQueueTakeMutexRecursive
                0x0000000008009cb8       0x6c ./Middlewares/Third_Party/FreeRTOS/Source/queue.o
                0x0000000008009cb8                xQueueTakeMutexRecursive
 .text.xQueueGenericSend
                0x0000000008009d24      0x1fc ./Middlewares/Third_Party/FreeRTOS/Source/queue.o
                0x0000000008009d24                xQueueGenericSend
 .text.xQueueGenericSendFromISR
                0x0000000008009f20      0x136 ./Middlewares/Third_Party/FreeRTOS/Source/queue.o
                0x0000000008009f20                xQueueGenericSendFromISR
 *fill*         0x000000000800a056        0x2 
 .text.xQueueReceive
                0x000000000800a058      0x1c0 ./Middlewares/Third_Party/FreeRTOS/Source/queue.o
                0x000000000800a058                xQueueReceive
 .text.xQueueSemaphoreTake
                0x000000000800a218      0x218 ./Middlewares/Third_Party/FreeRTOS/Source/queue.o
                0x000000000800a218                xQueueSemaphoreTake
 .text.xQueueReceiveFromISR
                0x000000000800a430      0x100 ./Middlewares/Third_Party/FreeRTOS/Source/queue.o
                0x000000000800a430                xQueueReceiveFromISR
 .text.prvGetDisinheritPriorityAfterTimeout
                0x000000000800a530       0x30 ./Middlewares/Third_Party/FreeRTOS/Source/queue.o
 .text.prvCopyDataToQueue
                0x000000000800a560       0xd4 ./Middlewares/Third_Party/FreeRTOS/Source/queue.o
 .text.prvCopyDataFromQueue
                0x000000000800a634       0x4c ./Middlewares/Third_Party/FreeRTOS/Source/queue.o
 .text.prvUnlockQueue
                0x000000000800a680       0xa4 ./Middlewares/Third_Party/FreeRTOS/Source/queue.o
 .text.prvIsQueueEmpty
                0x000000000800a724       0x2c ./Middlewares/Third_Party/FreeRTOS/Source/queue.o
 .text.prvIsQueueFull
                0x000000000800a750       0x30 ./Middlewares/Third_Party/FreeRTOS/Source/queue.o
 .text.vQueueAddToRegistry
                0x000000000800a780       0x54 ./Middlewares/Third_Party/FreeRTOS/Source/queue.o
                0x000000000800a780                vQueueAddToRegistry
 .text.vQueueWaitForMessageRestricted
                0x000000000800a7d4       0x68 ./Middlewares/Third_Party/FreeRTOS/Source/queue.o
                0x000000000800a7d4                vQueueWaitForMessageRestricted
 .text.xTaskCreateStatic
                0x000000000800a83c       0xba ./Middlewares/Third_Party/FreeRTOS/Source/tasks.o
                0x000000000800a83c                xTaskCreateStatic
 .text.xTaskCreate
                0x000000000800a8f6       0x8a ./Middlewares/Third_Party/FreeRTOS/Source/tasks.o
                0x000000000800a8f6                xTaskCreate
 .text.prvInitialiseNewTask
                0x000000000800a980      0x11e ./Middlewares/Third_Party/FreeRTOS/Source/tasks.o
 *fill*         0x000000000800aa9e        0x2 
 .text.prvAddNewTaskToReadyList
                0x000000000800aaa0       0xe0 ./Middlewares/Third_Party/FreeRTOS/Source/tasks.o
 .text.vTaskDelay
                0x000000000800ab80       0x68 ./Middlewares/Third_Party/FreeRTOS/Source/tasks.o
                0x000000000800ab80                vTaskDelay
 .text.vTaskStartScheduler
                0x000000000800abe8       0xcc ./Middlewares/Third_Party/FreeRTOS/Source/tasks.o
                0x000000000800abe8                vTaskStartScheduler
 .text.vTaskSuspendAll
                0x000000000800acb4       0x1c ./Middlewares/Third_Party/FreeRTOS/Source/tasks.o
                0x000000000800acb4                vTaskSuspendAll
 .text.xTaskResumeAll
                0x000000000800acd0      0x13c ./Middlewares/Third_Party/FreeRTOS/Source/tasks.o
                0x000000000800acd0                xTaskResumeAll
 .text.xTaskGetTickCount
                0x000000000800ae0c       0x20 ./Middlewares/Third_Party/FreeRTOS/Source/tasks.o
                0x000000000800ae0c                xTaskGetTickCount
 .text.xTaskIncrementTick
                0x000000000800ae2c      0x174 ./Middlewares/Third_Party/FreeRTOS/Source/tasks.o
                0x000000000800ae2c                xTaskIncrementTick
 .text.vTaskSwitchContext
                0x000000000800afa0      0x104 ./Middlewares/Third_Party/FreeRTOS/Source/tasks.o
                0x000000000800afa0                vTaskSwitchContext
 .text.vTaskPlaceOnEventList
                0x000000000800b0a4       0x48 ./Middlewares/Third_Party/FreeRTOS/Source/tasks.o
                0x000000000800b0a4                vTaskPlaceOnEventList
 .text.vTaskPlaceOnEventListRestricted
                0x000000000800b0ec       0x58 ./Middlewares/Third_Party/FreeRTOS/Source/tasks.o
                0x000000000800b0ec                vTaskPlaceOnEventListRestricted
 .text.xTaskRemoveFromEventList
                0x000000000800b144       0xc8 ./Middlewares/Third_Party/FreeRTOS/Source/tasks.o
                0x000000000800b144                xTaskRemoveFromEventList
 .text.vTaskInternalSetTimeOutState
                0x000000000800b20c       0x2c ./Middlewares/Third_Party/FreeRTOS/Source/tasks.o
                0x000000000800b20c                vTaskInternalSetTimeOutState
 .text.xTaskCheckForTimeOut
                0x000000000800b238       0xc4 ./Middlewares/Third_Party/FreeRTOS/Source/tasks.o
                0x000000000800b238                xTaskCheckForTimeOut
 .text.vTaskMissedYield
                0x000000000800b2fc       0x18 ./Middlewares/Third_Party/FreeRTOS/Source/tasks.o
                0x000000000800b2fc                vTaskMissedYield
 .text.prvIdleTask
                0x000000000800b314       0x30 ./Middlewares/Third_Party/FreeRTOS/Source/tasks.o
 .text.prvInitialiseTaskLists
                0x000000000800b344       0x80 ./Middlewares/Third_Party/FreeRTOS/Source/tasks.o
 .text.prvCheckTasksWaitingTermination
                0x000000000800b3c4       0x5c ./Middlewares/Third_Party/FreeRTOS/Source/tasks.o
 .text.prvDeleteTCB
                0x000000000800b420       0x5e ./Middlewares/Third_Party/FreeRTOS/Source/tasks.o
 *fill*         0x000000000800b47e        0x2 
 .text.prvResetNextTaskUnblockTime
                0x000000000800b480       0x40 ./Middlewares/Third_Party/FreeRTOS/Source/tasks.o
 .text.xTaskGetCurrentTaskHandle
                0x000000000800b4c0       0x20 ./Middlewares/Third_Party/FreeRTOS/Source/tasks.o
                0x000000000800b4c0                xTaskGetCurrentTaskHandle
 .text.xTaskGetSchedulerState
                0x000000000800b4e0       0x3c ./Middlewares/Third_Party/FreeRTOS/Source/tasks.o
                0x000000000800b4e0                xTaskGetSchedulerState
 .text.xTaskPriorityInherit
                0x000000000800b51c       0xd0 ./Middlewares/Third_Party/FreeRTOS/Source/tasks.o
                0x000000000800b51c                xTaskPriorityInherit
 .text.xTaskPriorityDisinherit
                0x000000000800b5ec       0xdc ./Middlewares/Third_Party/FreeRTOS/Source/tasks.o
                0x000000000800b5ec                xTaskPriorityDisinherit
 .text.vTaskPriorityDisinheritAfterTimeout
                0x000000000800b6c8      0x104 ./Middlewares/Third_Party/FreeRTOS/Source/tasks.o
                0x000000000800b6c8                vTaskPriorityDisinheritAfterTimeout
 .text.pvTaskIncrementMutexHeldCount
                0x000000000800b7cc       0x28 ./Middlewares/Third_Party/FreeRTOS/Source/tasks.o
                0x000000000800b7cc                pvTaskIncrementMutexHeldCount
 .text.prvAddCurrentTaskToDelayedList
                0x000000000800b7f4       0xa8 ./Middlewares/Third_Party/FreeRTOS/Source/tasks.o
 .text.xTimerCreateTimerTask
                0x000000000800b89c       0x90 ./Middlewares/Third_Party/FreeRTOS/Source/timers.o
                0x000000000800b89c                xTimerCreateTimerTask
 .text.xTimerGenericCommand
                0x000000000800b92c       0x9c ./Middlewares/Third_Party/FreeRTOS/Source/timers.o
                0x000000000800b92c                xTimerGenericCommand
 .text.prvProcessExpiredTimer
                0x000000000800b9c8       0x98 ./Middlewares/Third_Party/FreeRTOS/Source/timers.o
 .text.prvTimerTask
                0x000000000800ba60       0x24 ./Middlewares/Third_Party/FreeRTOS/Source/timers.o
 .text.prvProcessTimerOrBlockTask
                0x000000000800ba84       0x9c ./Middlewares/Third_Party/FreeRTOS/Source/timers.o
 .text.prvGetNextExpireTime
                0x000000000800bb20       0x48 ./Middlewares/Third_Party/FreeRTOS/Source/timers.o
 .text.prvSampleTimeNow
                0x000000000800bb68       0x40 ./Middlewares/Third_Party/FreeRTOS/Source/timers.o
 .text.prvInsertTimerInActiveList
                0x000000000800bba8       0x84 ./Middlewares/Third_Party/FreeRTOS/Source/timers.o
 .text.prvProcessReceivedCommands
                0x000000000800bc2c      0x1c4 ./Middlewares/Third_Party/FreeRTOS/Source/timers.o
 .text.prvSwitchTimerLists
                0x000000000800bdf0       0xc8 ./Middlewares/Third_Party/FreeRTOS/Source/timers.o
 .text.prvCheckForValidListAndQueue
                0x000000000800beb8       0x80 ./Middlewares/Third_Party/FreeRTOS/Source/timers.o
 .text.pxPortInitialiseStack
                0x000000000800bf38       0x68 ./Middlewares/Third_Party/FreeRTOS/Source/portable/GCC/ARM_CM4F/port.o
                0x000000000800bf38                pxPortInitialiseStack
 .text.prvTaskExitError
                0x000000000800bfa0       0x58 ./Middlewares/Third_Party/FreeRTOS/Source/portable/GCC/ARM_CM4F/port.o
 *fill*         0x000000000800bff8        0x8 
 .text.SVC_Handler
                0x000000000800c000       0x28 ./Middlewares/Third_Party/FreeRTOS/Source/portable/GCC/ARM_CM4F/port.o
                0x000000000800c000                SVC_Handler
 .text.prvPortStartFirstTask
                0x000000000800c028       0x28 ./Middlewares/Third_Party/FreeRTOS/Source/portable/GCC/ARM_CM4F/port.o
 .text.xPortStartScheduler
                0x000000000800c050      0x144 ./Middlewares/Third_Party/FreeRTOS/Source/portable/GCC/ARM_CM4F/port.o
                0x000000000800c050                xPortStartScheduler
 .text.vPortEnterCritical
                0x000000000800c194       0x60 ./Middlewares/Third_Party/FreeRTOS/Source/portable/GCC/ARM_CM4F/port.o
                0x000000000800c194                vPortEnterCritical
 .text.vPortExitCritical
                0x000000000800c1f4       0x54 ./Middlewares/Third_Party/FreeRTOS/Source/portable/GCC/ARM_CM4F/port.o
                0x000000000800c1f4                vPortExitCritical
 *fill*         0x000000000800c248        0x8 
 .text.PendSV_Handler
                0x000000000800c250       0x68 ./Middlewares/Third_Party/FreeRTOS/Source/portable/GCC/ARM_CM4F/port.o
                0x000000000800c250                PendSV_Handler
 .text.xPortSysTickHandler
                0x000000000800c2b8       0x44 ./Middlewares/Third_Party/FreeRTOS/Source/portable/GCC/ARM_CM4F/port.o
                0x000000000800c2b8                xPortSysTickHandler
 .text.vPortSetupTimerInterrupt
                0x000000000800c2fc       0x48 ./Middlewares/Third_Party/FreeRTOS/Source/portable/GCC/ARM_CM4F/port.o
                0x000000000800c2fc                vPortSetupTimerInterrupt
 .text.vPortEnableVFP
                0x000000000800c344       0x14 ./Middlewares/Third_Party/FreeRTOS/Source/portable/GCC/ARM_CM4F/port.o
 .text.vPortValidateInterruptPriority
                0x000000000800c358       0x80 ./Middlewares/Third_Party/FreeRTOS/Source/portable/GCC/ARM_CM4F/port.o
                0x000000000800c358                vPortValidateInterruptPriority
 .text.pvPortMalloc
                0x000000000800c3d8      0x1a0 ./Middlewares/Third_Party/FreeRTOS/Source/portable/MemMang/heap_4.o
                0x000000000800c3d8                pvPortMalloc
 .text.vPortFree
                0x000000000800c578       0xc4 ./Middlewares/Third_Party/FreeRTOS/Source/portable/MemMang/heap_4.o
                0x000000000800c578                vPortFree
 .text.prvHeapInit
                0x000000000800c63c       0xc4 ./Middlewares/Third_Party/FreeRTOS/Source/portable/MemMang/heap_4.o
 .text.prvInsertBlockIntoFreeList
                0x000000000800c700       0xb4 ./Middlewares/Third_Party/FreeRTOS/Source/portable/MemMang/heap_4.o
 .text.__libc_init_array
                0x000000000800c7b4       0x48 g:/stm32/stm32cubeide_1.7.0/stm32cubeide/plugins/com.st.stm32cube.ide.mcu.externaltools.gnu-tools-for-stm32.10.3-2021.10.win32_1.0.0.202111181127/tools/bin/../lib/gcc/arm-none-eabi/10.3.1/../../../../arm-none-eabi/lib/thumb/v7e-m+fp/hard\libc_nano.a(lib_a-init.o)
                0x000000000800c7b4                __libc_init_array
 .text.memcpy   0x000000000800c7fc       0x1c g:/stm32/stm32cubeide_1.7.0/stm32cubeide/plugins/com.st.stm32cube.ide.mcu.externaltools.gnu-tools-for-stm32.10.3-2021.10.win32_1.0.0.202111181127/tools/bin/../lib/gcc/arm-none-eabi/10.3.1/../../../../arm-none-eabi/lib/thumb/v7e-m+fp/hard\libc_nano.a(lib_a-memcpy-stub.o)
                0x000000000800c7fc                memcpy
 .text.memset   0x000000000800c818       0x10 g:/stm32/stm32cubeide_1.7.0/stm32cubeide/plugins/com.st.stm32cube.ide.mcu.externaltools.gnu-tools-for-stm32.10.3-2021.10.win32_1.0.0.202111181127/tools/bin/../lib/gcc/arm-none-eabi/10.3.1/../../../../arm-none-eabi/lib/thumb/v7e-m+fp/hard\libc_nano.a(lib_a-memset.o)
                0x000000000800c818                memset
 *(.glue_7)
 .glue_7        0x000000000800c828        0x0 linker stubs
 *(.glue_7t)
 .glue_7t       0x000000000800c828        0x0 linker stubs
 *(.eh_frame)
 .eh_frame      0x000000000800c828        0x0 g:/stm32/stm32cubeide_1.7.0/stm32cubeide/plugins/com.st.stm32cube.ide.mcu.externaltools.gnu-tools-for-stm32.10.3-2021.10.win32_1.0.0.202111181127/tools/bin/../lib/gcc/arm-none-eabi/10.3.1/thumb/v7e-m+fp/hard/crtbegin.o
 *(.init)
 .init          0x000000000800c828        0x4 g:/stm32/stm32cubeide_1.7.0/stm32cubeide/plugins/com.st.stm32cube.ide.mcu.externaltools.gnu-tools-for-stm32.10.3-2021.10.win32_1.0.0.202111181127/tools/bin/../lib/gcc/arm-none-eabi/10.3.1/thumb/v7e-m+fp/hard/crti.o
                0x000000000800c828                _init
 .init          0x000000000800c82c        0x8 g:/stm32/stm32cubeide_1.7.0/stm32cubeide/plugins/com.st.stm32cube.ide.mcu.externaltools.gnu-tools-for-stm32.10.3-2021.10.win32_1.0.0.202111181127/tools/bin/../lib/gcc/arm-none-eabi/10.3.1/thumb/v7e-m+fp/hard/crtn.o
 *(.fini)
 .fini          0x000000000800c834        0x4 g:/stm32/stm32cubeide_1.7.0/stm32cubeide/plugins/com.st.stm32cube.ide.mcu.externaltools.gnu-tools-for-stm32.10.3-2021.10.win32_1.0.0.202111181127/tools/bin/../lib/gcc/arm-none-eabi/10.3.1/thumb/v7e-m+fp/hard/crti.o
                0x000000000800c834                _fini
 .fini          0x000000000800c838        0x8 g:/stm32/stm32cubeide_1.7.0/stm32cubeide/plugins/com.st.stm32cube.ide.mcu.externaltools.gnu-tools-for-stm32.10.3-2021.10.win32_1.0.0.202111181127/tools/bin/../lib/gcc/arm-none-eabi/10.3.1/thumb/v7e-m+fp/hard/crtn.o
                0x000000000800c840                . = ALIGN (0x4)
                0x000000000800c840                _etext = .

.vfp11_veneer   0x000000000800c840        0x0
 .vfp11_veneer  0x000000000800c840        0x0 linker stubs

.v4_bx          0x000000000800c840        0x0
 .v4_bx         0x000000000800c840        0x0 linker stubs

.iplt           0x000000000800c840        0x0
 .iplt          0x000000000800c840        0x0 g:/stm32/stm32cubeide_1.7.0/stm32cubeide/plugins/com.st.stm32cube.ide.mcu.externaltools.gnu-tools-for-stm32.10.3-2021.10.win32_1.0.0.202111181127/tools/bin/../lib/gcc/arm-none-eabi/10.3.1/thumb/v7e-m+fp/hard/crtbegin.o

.rodata         0x000000000800c840      0x3b8
                0x000000000800c840                . = ALIGN (0x4)
 *(.rodata)
 .rodata        0x000000000800c840      0x1ab ./Core/Src/freertos.o
 *fill*         0x000000000800c9eb        0x1 
 .rodata        0x000000000800c9ec       0x18 ./Core/Src/printf.o
 .rodata        0x000000000800ca04        0x5 ./Middlewares/Third_Party/FreeRTOS/Source/tasks.o
 *fill*         0x000000000800ca09        0x3 
 .rodata        0x000000000800ca0c        0xd ./Middlewares/Third_Party/FreeRTOS/Source/timers.o
 *(.rodata*)
 *fill*         0x000000000800ca19        0x3 
 .rodata.BMP_Task_attributes
                0x000000000800ca1c       0x24 ./Core/Src/freertos.o
                0x000000000800ca1c                BMP_Task_attributes
 .rodata.BH_Task_attributes
                0x000000000800ca40       0x24 ./Core/Src/freertos.o
                0x000000000800ca40                BH_Task_attributes
 .rodata.LedRed_task_attributes
                0x000000000800ca64       0x24 ./Core/Src/freertos.o
                0x000000000800ca64                LedRed_task_attributes
 .rodata.DHT11_Task_attributes
                0x000000000800ca88       0x24 ./Core/Src/freertos.o
                0x000000000800ca88                DHT11_Task_attributes
 .rodata.SenderTask_attributes
                0x000000000800caac       0x24 ./Core/Src/freertos.o
                0x000000000800caac                SenderTask_attributes
 .rodata.IWDG_Task_attributes
                0x000000000800cad0       0x24 ./Core/Src/freertos.o
                0x000000000800cad0                IWDG_Task_attributes
 .rodata.NRF24Task_attributes
                0x000000000800caf4       0x24 ./Core/Src/freertos.o
                0x000000000800caf4                NRF24Task_attributes
 .rodata.QueueToSend_attributes
                0x000000000800cb18       0x18 ./Core/Src/freertos.o
                0x000000000800cb18                QueueToSend_attributes
 .rodata.MutexPrint_attributes
                0x000000000800cb30       0x10 ./Core/Src/freertos.o
                0x000000000800cb30                MutexPrint_attributes
 .rodata.MutexI2C1_attributes
                0x000000000800cb40       0x10 ./Core/Src/freertos.o
                0x000000000800cb40                MutexI2C1_attributes
 .rodata.MutexSPI1_attributes
                0x000000000800cb50       0x10 ./Core/Src/freertos.o
                0x000000000800cb50                MutexSPI1_attributes
 .rodata.pow10.0
                0x000000000800cb60       0x50 ./Core/Src/printf.o
 .rodata.AHBPrescTable
                0x000000000800cbb0       0x10 ./Core/Src/system_stm32l4xx.o
                0x000000000800cbb0                AHBPrescTable
 .rodata.APBPrescTable
                0x000000000800cbc0        0x8 ./Core/Src/system_stm32l4xx.o
                0x000000000800cbc0                APBPrescTable
 .rodata.MSIRangeTable
                0x000000000800cbc8       0x30 ./Core/Src/system_stm32l4xx.o
                0x000000000800cbc8                MSIRangeTable
                0x000000000800cbf8                . = ALIGN (0x4)

.ARM.extab      0x000000000800cbf8        0x0
                0x000000000800cbf8                . = ALIGN (0x4)
 *(.ARM.extab* .gnu.linkonce.armextab.*)
                0x000000000800cbf8                . = ALIGN (0x4)

.ARM            0x000000000800cbf8        0x8
                0x000000000800cbf8                . = ALIGN (0x4)
                0x000000000800cbf8                __exidx_start = .
 *(.ARM.exidx*)
 .ARM.exidx     0x000000000800cbf8        0x8 g:/stm32/stm32cubeide_1.7.0/stm32cubeide/plugins/com.st.stm32cube.ide.mcu.externaltools.gnu-tools-for-stm32.10.3-2021.10.win32_1.0.0.202111181127/tools/bin/../lib/gcc/arm-none-eabi/10.3.1/thumb/v7e-m+fp/hard\libgcc.a(_udivmoddi4.o)
                0x000000000800cc00                __exidx_end = .
                0x000000000800cc00                . = ALIGN (0x4)

.rel.dyn        0x000000000800cc00        0x0
 .rel.iplt      0x000000000800cc00        0x0 g:/stm32/stm32cubeide_1.7.0/stm32cubeide/plugins/com.st.stm32cube.ide.mcu.externaltools.gnu-tools-for-stm32.10.3-2021.10.win32_1.0.0.202111181127/tools/bin/../lib/gcc/arm-none-eabi/10.3.1/thumb/v7e-m+fp/hard/crtbegin.o

.preinit_array  0x000000000800cc00        0x0
                0x000000000800cc00                . = ALIGN (0x4)
                0x000000000800cc00                PROVIDE (__preinit_array_start = .)
 *(.preinit_array*)
                0x000000000800cc00                PROVIDE (__preinit_array_end = .)
                0x000000000800cc00                . = ALIGN (0x4)

.init_array     0x000000000800cc00        0x4
                0x000000000800cc00                . = ALIGN (0x4)
                0x000000000800cc00                PROVIDE (__init_array_start = .)
 *(SORT_BY_NAME(.init_array.*))
 *(.init_array*)
 .init_array    0x000000000800cc00        0x4 g:/stm32/stm32cubeide_1.7.0/stm32cubeide/plugins/com.st.stm32cube.ide.mcu.externaltools.gnu-tools-for-stm32.10.3-2021.10.win32_1.0.0.202111181127/tools/bin/../lib/gcc/arm-none-eabi/10.3.1/thumb/v7e-m+fp/hard/crtbegin.o
                0x000000000800cc04                PROVIDE (__init_array_end = .)
                0x000000000800cc04                . = ALIGN (0x4)

.fini_array     0x000000000800cc04        0x4
                0x000000000800cc04                . = ALIGN (0x4)
                [!provide]                        PROVIDE (__fini_array_start = .)
 *(SORT_BY_NAME(.fini_array.*))
 *(.fini_array*)
 .fini_array    0x000000000800cc04        0x4 g:/stm32/stm32cubeide_1.7.0/stm32cubeide/plugins/com.st.stm32cube.ide.mcu.externaltools.gnu-tools-for-stm32.10.3-2021.10.win32_1.0.0.202111181127/tools/bin/../lib/gcc/arm-none-eabi/10.3.1/thumb/v7e-m+fp/hard/crtbegin.o
                [!provide]                        PROVIDE (__fini_array_end = .)
                0x000000000800cc08                . = ALIGN (0x4)
                0x000000000800cc08                _sidata = LOADADDR (.data)

.data           0x0000000020000000       0x10 load address 0x000000000800cc08
                0x0000000020000000                . = ALIGN (0x4)
                0x0000000020000000                _sdata = .
 *(.data)
 *(.data*)
 .data.SystemCoreClock
                0x0000000020000000        0x4 ./Core/Src/system_stm32l4xx.o
                0x0000000020000000                SystemCoreClock
 .data.uwTickPrio
                0x0000000020000004        0x4 ./Drivers/STM32L4xx_HAL_Driver/Src/stm32l4xx_hal.o
                0x0000000020000004                uwTickPrio
 .data.uwTickFreq
                0x0000000020000008        0x1 ./Drivers/STM32L4xx_HAL_Driver/Src/stm32l4xx_hal.o
                0x0000000020000008                uwTickFreq
 *fill*         0x0000000020000009        0x3 
 .data.uxCriticalNesting
                0x000000002000000c        0x4 ./Middlewares/Third_Party/FreeRTOS/Source/portable/GCC/ARM_CM4F/port.o
 *(.RamFunc)
 *(.RamFunc*)
                0x0000000020000010                . = ALIGN (0x4)
                0x0000000020000010                _edata = .

.igot.plt       0x0000000020000010        0x0 load address 0x000000000800cc18
 .igot.plt      0x0000000020000010        0x0 g:/stm32/stm32cubeide_1.7.0/stm32cubeide/plugins/com.st.stm32cube.ide.mcu.externaltools.gnu-tools-for-stm32.10.3-2021.10.win32_1.0.0.202111181127/tools/bin/../lib/gcc/arm-none-eabi/10.3.1/thumb/v7e-m+fp/hard/crtbegin.o
                0x0000000020000010                . = ALIGN (0x4)

.bss            0x0000000020000010     0x4de0 load address 0x000000000800cc18
                0x0000000020000010                _sbss = .
                0x0000000020000010                __bss_start__ = _sbss
 *(.bss)
 .bss           0x0000000020000010       0x1c g:/stm32/stm32cubeide_1.7.0/stm32cubeide/plugins/com.st.stm32cube.ide.mcu.externaltools.gnu-tools-for-stm32.10.3-2021.10.win32_1.0.0.202111181127/tools/bin/../lib/gcc/arm-none-eabi/10.3.1/thumb/v7e-m+fp/hard/crtbegin.o
 *(.bss*)
 .bss.bh1750_i2c
                0x000000002000002c        0x4 ./Core/Src/BH1750.o
                0x000000002000002c                bh1750_i2c
 .bss.Bh1750_Mode
                0x0000000020000030        0x1 ./Core/Src/BH1750.o
                0x0000000020000030                Bh1750_Mode
 .bss.Bh1750_Mtreg
                0x0000000020000031        0x1 ./Core/Src/BH1750.o
                0x0000000020000031                Bh1750_Mtreg
 .bss.Rh_byte1  0x0000000020000032        0x1 ./Core/Src/DHT11.o
                0x0000000020000032                Rh_byte1
 .bss.Rh_byte2  0x0000000020000033        0x1 ./Core/Src/DHT11.o
                0x0000000020000033                Rh_byte2
 .bss.Temp_byte1
                0x0000000020000034        0x1 ./Core/Src/DHT11.o
                0x0000000020000034                Temp_byte1
 .bss.Temp_byte2
                0x0000000020000035        0x1 ./Core/Src/DHT11.o
                0x0000000020000035                Temp_byte2
 .bss.SUM       0x0000000020000036        0x2 ./Core/Src/DHT11.o
                0x0000000020000036                SUM
 .bss.echo      0x0000000020000038        0x1 ./Core/Src/DHT11.o
                0x0000000020000038                echo
 *fill*         0x0000000020000039        0x3 
 .bss.i2c_h     0x000000002000003c        0x4 ./Core/Src/bmpxx80.o
                0x000000002000003c                i2c_h
 .bss._temperature_res
                0x0000000020000040        0x1 ./Core/Src/bmpxx80.o
                0x0000000020000040                _temperature_res
 .bss._pressure_oversampling
                0x0000000020000041        0x1 ./Core/Src/bmpxx80.o
                0x0000000020000041                _pressure_oversampling
 .bss._mode     0x0000000020000042        0x1 ./Core/Src/bmpxx80.o
                0x0000000020000042                _mode
 *fill*         0x0000000020000043        0x1 
 .bss.t2        0x0000000020000044        0x2 ./Core/Src/bmpxx80.o
                0x0000000020000044                t2
 .bss.t3        0x0000000020000046        0x2 ./Core/Src/bmpxx80.o
                0x0000000020000046                t3
 .bss.p2        0x0000000020000048        0x2 ./Core/Src/bmpxx80.o
                0x0000000020000048                p2
 .bss.p3        0x000000002000004a        0x2 ./Core/Src/bmpxx80.o
                0x000000002000004a                p3
 .bss.p4        0x000000002000004c        0x2 ./Core/Src/bmpxx80.o
                0x000000002000004c                p4
 .bss.p5        0x000000002000004e        0x2 ./Core/Src/bmpxx80.o
                0x000000002000004e                p5
 .bss.p6        0x0000000020000050        0x2 ./Core/Src/bmpxx80.o
                0x0000000020000050                p6
 .bss.p7        0x0000000020000052        0x2 ./Core/Src/bmpxx80.o
                0x0000000020000052                p7
 .bss.p8        0x0000000020000054        0x2 ./Core/Src/bmpxx80.o
                0x0000000020000054                p8
 .bss.p9        0x0000000020000056        0x2 ./Core/Src/bmpxx80.o
                0x0000000020000056                p9
 .bss.t1        0x0000000020000058        0x2 ./Core/Src/bmpxx80.o
                0x0000000020000058                t1
 .bss.p1        0x000000002000005a        0x2 ./Core/Src/bmpxx80.o
                0x000000002000005a                p1
 .bss.t_fine    0x000000002000005c        0x4 ./Core/Src/bmpxx80.o
                0x000000002000005c                t_fine
 .bss.BMP_TaskHandle
                0x0000000020000060        0x4 ./Core/Src/freertos.o
                0x0000000020000060                BMP_TaskHandle
 .bss.BH_TaskHandle
                0x0000000020000064        0x4 ./Core/Src/freertos.o
                0x0000000020000064                BH_TaskHandle
 .bss.LedRed_taskHandle
                0x0000000020000068        0x4 ./Core/Src/freertos.o
                0x0000000020000068                LedRed_taskHandle
 .bss.DHT11_TaskHandle
                0x000000002000006c        0x4 ./Core/Src/freertos.o
                0x000000002000006c                DHT11_TaskHandle
 .bss.SenderTaskHandle
                0x0000000020000070        0x4 ./Core/Src/freertos.o
                0x0000000020000070                SenderTaskHandle
 .bss.IWDG_TaskHandle
                0x0000000020000074        0x4 ./Core/Src/freertos.o
                0x0000000020000074                IWDG_TaskHandle
 .bss.NRF24TaskHandle
                0x0000000020000078        0x4 ./Core/Src/freertos.o
                0x0000000020000078                NRF24TaskHandle
 .bss.QueueToSendHandle
                0x000000002000007c        0x4 ./Core/Src/freertos.o
                0x000000002000007c                QueueToSendHandle
 .bss.MutexPrintHandle
                0x0000000020000080        0x4 ./Core/Src/freertos.o
                0x0000000020000080                MutexPrintHandle
 .bss.MutexI2C1Handle
                0x0000000020000084        0x4 ./Core/Src/freertos.o
                0x0000000020000084                MutexI2C1Handle
 .bss.MutexSPI1Handle
                0x0000000020000088        0x4 ./Core/Src/freertos.o
                0x0000000020000088                MutexSPI1Handle
 .bss.hi2c1     0x000000002000008c       0x4c ./Core/Src/i2c.o
                0x000000002000008c                hi2c1
 .bss.hiwdg     0x00000000200000d8       0x10 ./Core/Src/iwdg.o
                0x00000000200000d8                hiwdg
 .bss.hspi1     0x00000000200000e8       0x64 ./Core/Src/spi.o
                0x00000000200000e8                hspi1
 .bss.htim7     0x000000002000014c       0x4c ./Core/Src/stm32l4xx_hal_timebase_tim.o
                0x000000002000014c                htim7
 .bss.huart2    0x0000000020000198       0x84 ./Core/Src/usart.o
                0x0000000020000198                huart2
 .bss.uwTick    0x000000002000021c        0x4 ./Drivers/STM32L4xx_HAL_Driver/Src/stm32l4xx_hal.o
                0x000000002000021c                uwTick
 .bss.KernelState
                0x0000000020000220        0x4 ./Middlewares/Third_Party/FreeRTOS/Source/CMSIS_RTOS_V2/cmsis_os2.o
 .bss.Idle_TCB.3
                0x0000000020000224       0x5c ./Middlewares/Third_Party/FreeRTOS/Source/CMSIS_RTOS_V2/cmsis_os2.o
 .bss.Idle_Stack.2
                0x0000000020000280      0x200 ./Middlewares/Third_Party/FreeRTOS/Source/CMSIS_RTOS_V2/cmsis_os2.o
 .bss.Timer_TCB.1
                0x0000000020000480       0x5c ./Middlewares/Third_Party/FreeRTOS/Source/CMSIS_RTOS_V2/cmsis_os2.o
 .bss.Timer_Stack.0
                0x00000000200004dc      0x400 ./Middlewares/Third_Party/FreeRTOS/Source/CMSIS_RTOS_V2/cmsis_os2.o
 .bss.xQueueRegistry
                0x00000000200008dc       0x40 ./Middlewares/Third_Party/FreeRTOS/Source/queue.o
                0x00000000200008dc                xQueueRegistry
 .bss.pxCurrentTCB
                0x000000002000091c        0x4 ./Middlewares/Third_Party/FreeRTOS/Source/tasks.o
                0x000000002000091c                pxCurrentTCB
 .bss.pxReadyTasksLists
                0x0000000020000920      0x460 ./Middlewares/Third_Party/FreeRTOS/Source/tasks.o
 .bss.xDelayedTaskList1
                0x0000000020000d80       0x14 ./Middlewares/Third_Party/FreeRTOS/Source/tasks.o
 .bss.xDelayedTaskList2
                0x0000000020000d94       0x14 ./Middlewares/Third_Party/FreeRTOS/Source/tasks.o
 .bss.pxDelayedTaskList
                0x0000000020000da8        0x4 ./Middlewares/Third_Party/FreeRTOS/Source/tasks.o
 .bss.pxOverflowDelayedTaskList
                0x0000000020000dac        0x4 ./Middlewares/Third_Party/FreeRTOS/Source/tasks.o
 .bss.xPendingReadyList
                0x0000000020000db0       0x14 ./Middlewares/Third_Party/FreeRTOS/Source/tasks.o
 .bss.xTasksWaitingTermination
                0x0000000020000dc4       0x14 ./Middlewares/Third_Party/FreeRTOS/Source/tasks.o
 .bss.uxDeletedTasksWaitingCleanUp
                0x0000000020000dd8        0x4 ./Middlewares/Third_Party/FreeRTOS/Source/tasks.o
 .bss.xSuspendedTaskList
                0x0000000020000ddc       0x14 ./Middlewares/Third_Party/FreeRTOS/Source/tasks.o
 .bss.uxCurrentNumberOfTasks
                0x0000000020000df0        0x4 ./Middlewares/Third_Party/FreeRTOS/Source/tasks.o
 .bss.xTickCount
                0x0000000020000df4        0x4 ./Middlewares/Third_Party/FreeRTOS/Source/tasks.o
 .bss.uxTopReadyPriority
                0x0000000020000df8        0x4 ./Middlewares/Third_Party/FreeRTOS/Source/tasks.o
 .bss.xSchedulerRunning
                0x0000000020000dfc        0x4 ./Middlewares/Third_Party/FreeRTOS/Source/tasks.o
 .bss.xPendedTicks
                0x0000000020000e00        0x4 ./Middlewares/Third_Party/FreeRTOS/Source/tasks.o
 .bss.xYieldPending
                0x0000000020000e04        0x4 ./Middlewares/Third_Party/FreeRTOS/Source/tasks.o
 .bss.xNumOfOverflows
                0x0000000020000e08        0x4 ./Middlewares/Third_Party/FreeRTOS/Source/tasks.o
 .bss.uxTaskNumber
                0x0000000020000e0c        0x4 ./Middlewares/Third_Party/FreeRTOS/Source/tasks.o
 .bss.xNextTaskUnblockTime
                0x0000000020000e10        0x4 ./Middlewares/Third_Party/FreeRTOS/Source/tasks.o
 .bss.xIdleTaskHandle
                0x0000000020000e14        0x4 ./Middlewares/Third_Party/FreeRTOS/Source/tasks.o
 .bss.uxSchedulerSuspended
                0x0000000020000e18        0x4 ./Middlewares/Third_Party/FreeRTOS/Source/tasks.o
 .bss.xActiveTimerList1
                0x0000000020000e1c       0x14 ./Middlewares/Third_Party/FreeRTOS/Source/timers.o
 .bss.xActiveTimerList2
                0x0000000020000e30       0x14 ./Middlewares/Third_Party/FreeRTOS/Source/timers.o
 .bss.pxCurrentTimerList
                0x0000000020000e44        0x4 ./Middlewares/Third_Party/FreeRTOS/Source/timers.o
 .bss.pxOverflowTimerList
                0x0000000020000e48        0x4 ./Middlewares/Third_Party/FreeRTOS/Source/timers.o
 .bss.xTimerQueue
                0x0000000020000e4c        0x4 ./Middlewares/Third_Party/FreeRTOS/Source/timers.o
 .bss.xTimerTaskHandle
                0x0000000020000e50        0x4 ./Middlewares/Third_Party/FreeRTOS/Source/timers.o
 .bss.xLastTime.2
                0x0000000020000e54        0x4 ./Middlewares/Third_Party/FreeRTOS/Source/timers.o
 .bss.ucStaticTimerQueueStorage.1
                0x0000000020000e58       0xa0 ./Middlewares/Third_Party/FreeRTOS/Source/timers.o
 .bss.xStaticTimerQueue.0
                0x0000000020000ef8       0x50 ./Middlewares/Third_Party/FreeRTOS/Source/timers.o
 .bss.ucMaxSysCallPriority
                0x0000000020000f48        0x1 ./Middlewares/Third_Party/FreeRTOS/Source/portable/GCC/ARM_CM4F/port.o
 *fill*         0x0000000020000f49        0x3 
 .bss.ulMaxPRIGROUPValue
                0x0000000020000f4c        0x4 ./Middlewares/Third_Party/FreeRTOS/Source/portable/GCC/ARM_CM4F/port.o
 .bss.ucHeap    0x0000000020000f50     0x3e80 ./Middlewares/Third_Party/FreeRTOS/Source/portable/MemMang/heap_4.o
 .bss.xStart    0x0000000020004dd0        0x8 ./Middlewares/Third_Party/FreeRTOS/Source/portable/MemMang/heap_4.o
 .bss.pxEnd     0x0000000020004dd8        0x4 ./Middlewares/Third_Party/FreeRTOS/Source/portable/MemMang/heap_4.o
 .bss.xFreeBytesRemaining
                0x0000000020004ddc        0x4 ./Middlewares/Third_Party/FreeRTOS/Source/portable/MemMang/heap_4.o
 .bss.xMinimumEverFreeBytesRemaining
                0x0000000020004de0        0x4 ./Middlewares/Third_Party/FreeRTOS/Source/portable/MemMang/heap_4.o
 .bss.xNumberOfSuccessfulAllocations
                0x0000000020004de4        0x4 ./Middlewares/Third_Party/FreeRTOS/Source/portable/MemMang/heap_4.o
 .bss.xNumberOfSuccessfulFrees
                0x0000000020004de8        0x4 ./Middlewares/Third_Party/FreeRTOS/Source/portable/MemMang/heap_4.o
 .bss.xBlockAllocatedBit
                0x0000000020004dec        0x4 ./Middlewares/Third_Party/FreeRTOS/Source/portable/MemMang/heap_4.o
 *(COMMON)
                0x0000000020004df0                . = ALIGN (0x4)
                0x0000000020004df0                _ebss = .
                0x0000000020004df0                __bss_end__ = _ebss

._user_heap_stack
                0x0000000020004df0      0x600 load address 0x000000000800cc18
                0x0000000020004df0                . = ALIGN (0x8)
                [!provide]                        PROVIDE (end = .)
                0x0000000020004df0                PROVIDE (_end = .)
                0x0000000020004ff0                . = (. + _Min_Heap_Size)
 *fill*         0x0000000020004df0      0x200 
                0x00000000200053f0                . = (. + _Min_Stack_Size)
 *fill*         0x0000000020004ff0      0x400 
                0x00000000200053f0                . = ALIGN (0x8)

/DISCARD/
 libc.a(*)
 libm.a(*)
 libgcc.a(*)

.ARM.attributes
                0x0000000000000000       0x30
 *(.ARM.attributes)
 .ARM.attributes
                0x0000000000000000       0x1e g:/stm32/stm32cubeide_1.7.0/stm32cubeide/plugins/com.st.stm32cube.ide.mcu.externaltools.gnu-tools-for-stm32.10.3-2021.10.win32_1.0.0.202111181127/tools/bin/../lib/gcc/arm-none-eabi/10.3.1/thumb/v7e-m+fp/hard/crti.o
 .ARM.attributes
                0x000000000000001e       0x34 g:/stm32/stm32cubeide_1.7.0/stm32cubeide/plugins/com.st.stm32cube.ide.mcu.externaltools.gnu-tools-for-stm32.10.3-2021.10.win32_1.0.0.202111181127/tools/bin/../lib/gcc/arm-none-eabi/10.3.1/thumb/v7e-m+fp/hard/crtbegin.o
 .ARM.attributes
                0x0000000000000052       0x34 ./Core/Src/BH1750.o
 .ARM.attributes
                0x0000000000000086       0x34 ./Core/Src/DHT11.o
 .ARM.attributes
                0x00000000000000ba       0x34 ./Core/Src/NRF24L0plus.o
 .ARM.attributes
                0x00000000000000ee       0x34 ./Core/Src/bmpxx80.o
 .ARM.attributes
                0x0000000000000122       0x34 ./Core/Src/dwt_stm32_delay.o
 .ARM.attributes
                0x0000000000000156       0x34 ./Core/Src/freertos.o
 .ARM.attributes
                0x000000000000018a       0x34 ./Core/Src/gpio.o
 .ARM.attributes
                0x00000000000001be       0x34 ./Core/Src/i2c.o
 .ARM.attributes
                0x00000000000001f2       0x34 ./Core/Src/iwdg.o
 .ARM.attributes
                0x0000000000000226       0x34 ./Core/Src/main.o
 .ARM.attributes
                0x000000000000025a       0x34 ./Core/Src/printf.o
 .ARM.attributes
                0x000000000000028e       0x34 ./Core/Src/spi.o
 .ARM.attributes
                0x00000000000002c2       0x34 ./Core/Src/stm32l4xx_hal_msp.o
 .ARM.attributes
                0x00000000000002f6       0x34 ./Core/Src/stm32l4xx_hal_timebase_tim.o
 .ARM.attributes
                0x000000000000032a       0x34 ./Core/Src/stm32l4xx_it.o
 .ARM.attributes
                0x000000000000035e       0x34 ./Core/Src/system_stm32l4xx.o
 .ARM.attributes
                0x0000000000000392       0x34 ./Core/Src/usart.o
 .ARM.attributes
                0x00000000000003c6       0x21 ./Core/Startup/startup_stm32l476vgtx.o
 .ARM.attributes
                0x00000000000003e7       0x34 ./Drivers/STM32L4xx_HAL_Driver/Src/stm32l4xx_hal.o
 .ARM.attributes
                0x000000000000041b       0x34 ./Drivers/STM32L4xx_HAL_Driver/Src/stm32l4xx_hal_cortex.o
 .ARM.attributes
                0x000000000000044f       0x34 ./Drivers/STM32L4xx_HAL_Driver/Src/stm32l4xx_hal_gpio.o
 .ARM.attributes
                0x0000000000000483       0x34 ./Drivers/STM32L4xx_HAL_Driver/Src/stm32l4xx_hal_i2c.o
 .ARM.attributes
                0x00000000000004b7       0x34 ./Drivers/STM32L4xx_HAL_Driver/Src/stm32l4xx_hal_i2c_ex.o
 .ARM.attributes
                0x00000000000004eb       0x34 ./Drivers/STM32L4xx_HAL_Driver/Src/stm32l4xx_hal_iwdg.o
 .ARM.attributes
                0x000000000000051f       0x34 ./Drivers/STM32L4xx_HAL_Driver/Src/stm32l4xx_hal_pwr_ex.o
 .ARM.attributes
                0x0000000000000553       0x34 ./Drivers/STM32L4xx_HAL_Driver/Src/stm32l4xx_hal_rcc.o
 .ARM.attributes
                0x0000000000000587       0x34 ./Drivers/STM32L4xx_HAL_Driver/Src/stm32l4xx_hal_rcc_ex.o
 .ARM.attributes
                0x00000000000005bb       0x34 ./Drivers/STM32L4xx_HAL_Driver/Src/stm32l4xx_hal_spi.o
 .ARM.attributes
                0x00000000000005ef       0x34 ./Drivers/STM32L4xx_HAL_Driver/Src/stm32l4xx_hal_tim.o
 .ARM.attributes
                0x0000000000000623       0x34 ./Drivers/STM32L4xx_HAL_Driver/Src/stm32l4xx_hal_tim_ex.o
 .ARM.attributes
                0x0000000000000657       0x34 ./Drivers/STM32L4xx_HAL_Driver/Src/stm32l4xx_hal_uart.o
 .ARM.attributes
                0x000000000000068b       0x34 ./Middlewares/Third_Party/FreeRTOS/Source/CMSIS_RTOS_V2/cmsis_os2.o
 .ARM.attributes
                0x00000000000006bf       0x34 ./Middlewares/Third_Party/FreeRTOS/Source/list.o
 .ARM.attributes
                0x00000000000006f3       0x34 ./Middlewares/Third_Party/FreeRTOS/Source/queue.o
 .ARM.attributes
                0x0000000000000727       0x34 ./Middlewares/Third_Party/FreeRTOS/Source/tasks.o
 .ARM.attributes
                0x000000000000075b       0x34 ./Middlewares/Third_Party/FreeRTOS/Source/timers.o
 .ARM.attributes
                0x000000000000078f       0x34 ./Middlewares/Third_Party/FreeRTOS/Source/portable/GCC/ARM_CM4F/port.o
 .ARM.attributes
                0x00000000000007c3       0x34 ./Middlewares/Third_Party/FreeRTOS/Source/portable/MemMang/heap_4.o
 .ARM.attributes
                0x00000000000007f7       0x34 g:/stm32/stm32cubeide_1.7.0/stm32cubeide/plugins/com.st.stm32cube.ide.mcu.externaltools.gnu-tools-for-stm32.10.3-2021.10.win32_1.0.0.202111181127/tools/bin/../lib/gcc/arm-none-eabi/10.3.1/../../../../arm-none-eabi/lib/thumb/v7e-m+fp/hard\libc_nano.a(lib_a-init.o)
 .ARM.attributes
                0x000000000000082b       0x34 g:/stm32/stm32cubeide_1.7.0/stm32cubeide/plugins/com.st.stm32cube.ide.mcu.externaltools.gnu-tools-for-stm32.10.3-2021.10.win32_1.0.0.202111181127/tools/bin/../lib/gcc/arm-none-eabi/10.3.1/../../../../arm-none-eabi/lib/thumb/v7e-m+fp/hard\libc_nano.a(lib_a-memcpy-stub.o)
 .ARM.attributes
                0x000000000000085f       0x34 g:/stm32/stm32cubeide_1.7.0/stm32cubeide/plugins/com.st.stm32cube.ide.mcu.externaltools.gnu-tools-for-stm32.10.3-2021.10.win32_1.0.0.202111181127/tools/bin/../lib/gcc/arm-none-eabi/10.3.1/../../../../arm-none-eabi/lib/thumb/v7e-m+fp/hard\libc_nano.a(lib_a-memset.o)
 .ARM.attributes
                0x0000000000000893       0x1e g:/stm32/stm32cubeide_1.7.0/stm32cubeide/plugins/com.st.stm32cube.ide.mcu.externaltools.gnu-tools-for-stm32.10.3-2021.10.win32_1.0.0.202111181127/tools/bin/../lib/gcc/arm-none-eabi/10.3.1/thumb/v7e-m+fp/hard\libgcc.a(_arm_addsubdf3.o)
 .ARM.attributes
                0x00000000000008b1       0x1e g:/stm32/stm32cubeide_1.7.0/stm32cubeide/plugins/com.st.stm32cube.ide.mcu.externaltools.gnu-tools-for-stm32.10.3-2021.10.win32_1.0.0.202111181127/tools/bin/../lib/gcc/arm-none-eabi/10.3.1/thumb/v7e-m+fp/hard\libgcc.a(_arm_muldivdf3.o)
 .ARM.attributes
                0x00000000000008cf       0x1e g:/stm32/stm32cubeide_1.7.0/stm32cubeide/plugins/com.st.stm32cube.ide.mcu.externaltools.gnu-tools-for-stm32.10.3-2021.10.win32_1.0.0.202111181127/tools/bin/../lib/gcc/arm-none-eabi/10.3.1/thumb/v7e-m+fp/hard\libgcc.a(_arm_cmpdf2.o)
 .ARM.attributes
                0x00000000000008ed       0x1e g:/stm32/stm32cubeide_1.7.0/stm32cubeide/plugins/com.st.stm32cube.ide.mcu.externaltools.gnu-tools-for-stm32.10.3-2021.10.win32_1.0.0.202111181127/tools/bin/../lib/gcc/arm-none-eabi/10.3.1/thumb/v7e-m+fp/hard\libgcc.a(_arm_fixdfsi.o)
 .ARM.attributes
                0x000000000000090b       0x1e g:/stm32/stm32cubeide_1.7.0/stm32cubeide/plugins/com.st.stm32cube.ide.mcu.externaltools.gnu-tools-for-stm32.10.3-2021.10.win32_1.0.0.202111181127/tools/bin/../lib/gcc/arm-none-eabi/10.3.1/thumb/v7e-m+fp/hard\libgcc.a(_arm_fixunsdfsi.o)
 .ARM.attributes
                0x0000000000000929       0x1e g:/stm32/stm32cubeide_1.7.0/stm32cubeide/plugins/com.st.stm32cube.ide.mcu.externaltools.gnu-tools-for-stm32.10.3-2021.10.win32_1.0.0.202111181127/tools/bin/../lib/gcc/arm-none-eabi/10.3.1/thumb/v7e-m+fp/hard\libgcc.a(_aeabi_ldivmod.o)
 .ARM.attributes
                0x0000000000000947       0x1e g:/stm32/stm32cubeide_1.7.0/stm32cubeide/plugins/com.st.stm32cube.ide.mcu.externaltools.gnu-tools-for-stm32.10.3-2021.10.win32_1.0.0.202111181127/tools/bin/../lib/gcc/arm-none-eabi/10.3.1/thumb/v7e-m+fp/hard\libgcc.a(_aeabi_uldivmod.o)
 .ARM.attributes
                0x0000000000000965       0x34 g:/stm32/stm32cubeide_1.7.0/stm32cubeide/plugins/com.st.stm32cube.ide.mcu.externaltools.gnu-tools-for-stm32.10.3-2021.10.win32_1.0.0.202111181127/tools/bin/../lib/gcc/arm-none-eabi/10.3.1/thumb/v7e-m+fp/hard\libgcc.a(_udivmoddi4.o)
 .ARM.attributes
                0x0000000000000999       0x1e g:/stm32/stm32cubeide_1.7.0/stm32cubeide/plugins/com.st.stm32cube.ide.mcu.externaltools.gnu-tools-for-stm32.10.3-2021.10.win32_1.0.0.202111181127/tools/bin/../lib/gcc/arm-none-eabi/10.3.1/thumb/v7e-m+fp/hard\libgcc.a(_dvmd_tls.o)
 .ARM.attributes
                0x00000000000009b7       0x1e g:/stm32/stm32cubeide_1.7.0/stm32cubeide/plugins/com.st.stm32cube.ide.mcu.externaltools.gnu-tools-for-stm32.10.3-2021.10.win32_1.0.0.202111181127/tools/bin/../lib/gcc/arm-none-eabi/10.3.1/thumb/v7e-m+fp/hard/crtn.o
OUTPUT(Kurs_projekt_test.elf elf32-littlearm)
LOAD linker stubs
LOAD g:/stm32/stm32cubeide_1.7.0/stm32cubeide/plugins/com.st.stm32cube.ide.mcu.externaltools.gnu-tools-for-stm32.10.3-2021.10.win32_1.0.0.202111181127/tools/bin/../lib/gcc/arm-none-eabi/10.3.1/../../../../arm-none-eabi/lib/thumb/v7e-m+fp/hard\libc.a
LOAD g:/stm32/stm32cubeide_1.7.0/stm32cubeide/plugins/com.st.stm32cube.ide.mcu.externaltools.gnu-tools-for-stm32.10.3-2021.10.win32_1.0.0.202111181127/tools/bin/../lib/gcc/arm-none-eabi/10.3.1/../../../../arm-none-eabi/lib/thumb/v7e-m+fp/hard\libm.a
LOAD g:/stm32/stm32cubeide_1.7.0/stm32cubeide/plugins/com.st.stm32cube.ide.mcu.externaltools.gnu-tools-for-stm32.10.3-2021.10.win32_1.0.0.202111181127/tools/bin/../lib/gcc/arm-none-eabi/10.3.1/thumb/v7e-m+fp/hard\libgcc.a

.debug_info     0x0000000000000000    0x24edc
 .debug_info    0x0000000000000000      0x86e ./Core/Src/BH1750.o
 .debug_info    0x000000000000086e      0x608 ./Core/Src/DHT11.o
 .debug_info    0x0000000000000e76      0x8c8 ./Core/Src/NRF24L0plus.o
 .debug_info    0x000000000000173e      0xba5 ./Core/Src/bmpxx80.o
 .debug_info    0x00000000000022e3      0x269 ./Core/Src/dwt_stm32_delay.o
 .debug_info    0x000000000000254c     0x16f9 ./Core/Src/freertos.o
 .debug_info    0x0000000000003c45      0x756 ./Core/Src/gpio.o
 .debug_info    0x000000000000439b      0xcfb ./Core/Src/i2c.o
 .debug_info    0x0000000000005096      0x1e5 ./Core/Src/iwdg.o
 .debug_info    0x000000000000527b      0x9d6 ./Core/Src/main.o
 .debug_info    0x0000000000005c51      0xe0f ./Core/Src/printf.o
 .debug_info    0x0000000000006a60      0xa39 ./Core/Src/spi.o
 .debug_info    0x0000000000007499      0x55c ./Core/Src/stm32l4xx_hal_msp.o
 .debug_info    0x00000000000079f5      0xcb4 ./Core/Src/stm32l4xx_hal_timebase_tim.o
 .debug_info    0x00000000000086a9      0x762 ./Core/Src/stm32l4xx_it.o
 .debug_info    0x0000000000008e0b      0x5c6 ./Core/Src/system_stm32l4xx.o
 .debug_info    0x00000000000093d1      0xd51 ./Core/Src/usart.o